  model 1: 20000 faces, 28/28 geometries, noise median 0.0050, start phase -0.0 deg (11s)
  model 2: 20000 faces, 28/28 geometries, noise median 0.0350, start phase -0.0 deg (8s)
  model 3: 5996 faces, 28/28 geometries, noise median 0.0140, start phase +7.5 deg (1s)
[fit] 40 steps over 3 bodies at 48 phases
/home/m12567jp/dev/Helsinki/scripts/calibrate.py:200: UserWarning: Converting a tensor with requires_grad=True to a scalar may lead to unexpected behavior.
Consider using tensor.detach() first. (Triggered internally at /__w/pytorch/pytorch/torch/csrc/autograd/generated/python_variable_methods.cpp:822.)
  total += float(loss)
  step    0  -logL 25.5229  rho 0.854, source radius 1.03 deg, eye distance 8.03, tau_i 0.0194, psf sigma 0.98 px, eta median 0.0206; psi0 -0.2, +0.2, +7.3 deg
  step   10  -logL 14.2074  rho 0.882, source radius 1.17 deg, eye distance 8.27, tau_i 0.0171, psf sigma 0.88 px, eta median 0.0270; psi0 -1.3, +1.1, +5.8 deg
  step   20  -logL 4.7154  rho 0.902, source radius 1.21 deg, eye distance 8.41, tau_i 0.0154, psf sigma 0.85 px, eta median 0.0334; psi0 -1.0, +1.3, +4.4 deg
  step   30  -logL 1.0500  rho 0.911, source radius 1.22 deg, eye distance 8.49, tau_i 0.0136, psf sigma 0.83 px, eta median 0.0385; psi0 -0.5, +1.4, +3.3 deg
  step   39  -logL -0.2512  rho 0.911, source radius 1.23 deg, eye distance 8.51, tau_i 0.0128, psf sigma 0.80 px, eta median 0.0428; psi0 +0.3, +1.3, +2.5 deg

[report] RMS residual at the true shape, per geometry (azimuth:value)
    /sigma  against the measurement noise alone
    /s      against sqrt(sigma^2 + eta^2), eta being the model error the fit admits
  model 1:                           0     45     90    135    225    270    315
    intensity /sigma hor_a      1.4    2.4    1.7    1.6    1.4    2.4    2.4
    intensity /sigma hor_b      1.4    2.4    2.2    1.5    1.8    1.7    2.3
    intensity /sigma top        2.0    3.9    4.1    1.3    1.1    2.9    3.6
    intensity /sigma bottom     2.9    2.8    2.2    1.5    1.9    2.3    3.1
    intensity /s     hor_a      0.4    0.1    0.2    1.1    0.8    0.3    0.2
    intensity /s     hor_b      0.6    0.2    0.3    1.0    1.1    0.2    0.2
    intensity /s     top        0.4    0.3    0.4    0.8    0.7    0.4    0.2
    intensity /s     bottom     0.5    0.2    0.2    1.0    1.2    0.2    0.2
    intensity median /sigma 2.20, median /s 0.32
    binary    /sigma hor_a      1.8    1.7    3.1    1.9    1.1    3.0    1.6
    binary    /sigma hor_b      1.6    1.7    2.9    1.4    1.6    3.1    1.6
    binary    /sigma top        2.4    2.1    3.0    1.3    1.0    2.9    2.1
    binary    /sigma bottom     4.0    3.2    3.3    1.5    2.2    2.7    2.7
    binary    /s     hor_a      0.3    0.2    0.4    1.0    0.7    0.8    0.2
    binary    /s     hor_b      0.8    0.2    0.4    0.7    1.0    0.8    0.2
    binary    /s     top        0.2    0.2    0.7    0.7    0.6    0.8    0.2
    binary    /s     bottom     0.8    0.3    0.7    0.8    1.3    0.7    0.3
    binary    median /sigma 2.11, median /s 0.69
  model 2:                           0     45     90    135    225    270    315
    intensity /sigma hor_a      1.3    2.6    5.5    1.8    9.2    6.6    3.1
    intensity /sigma hor_b      0.9    1.9    5.0    2.6    8.9    6.4    2.9
    intensity /sigma top        1.5    2.0    7.0    1.8    5.3    6.0    3.4
    intensity /sigma bottom     1.7    2.5    5.1    1.9    6.1    6.7    3.0
    intensity /s     hor_a      1.1    1.3    4.5    1.7    8.0    4.6    1.8
    intensity /s     hor_b      0.8    0.9    4.1    2.6    7.7    4.4    1.6
    intensity /s     top        1.2    1.1    5.4    1.7    4.7    4.3    1.7
    intensity /s     bottom     1.3    1.3    4.0    1.9    5.4    4.3    1.6
    intensity median /sigma 3.09, median /s 1.84
    binary    /sigma hor_a      3.1    2.8   17.8    8.2    1.0    2.0   11.0
    binary    /sigma hor_b      2.4    2.7   17.8    7.2    2.0    1.4   10.1
    binary    /sigma top        3.8    3.5    2.8    0.6    2.3    2.3    8.5
    binary    /sigma bottom     2.4    3.8    3.2    8.1    3.8    1.6    8.1
    binary    /s     hor_a      2.0    1.0    8.4    7.6    0.9    1.6    4.5
    binary    /s     hor_b      2.3    1.0    8.3    6.7    1.8    1.1    4.1
    binary    /s     top        1.7    1.3    1.9    0.6    2.2    1.8    3.4
    binary    /s     bottom     1.7    1.4    2.2    7.6    3.4    1.3    3.4
    binary    median /sigma 3.15, median /s 1.96
  model 3:                           0     45     90    135    225    270    315
    intensity /sigma hor_a      1.4    9.5    1.6    6.6    6.2   38.5    2.7
    intensity /sigma hor_b      1.4    9.1    1.9    6.5    6.6    9.5    2.0
    intensity /sigma top        0.9    3.5   17.8    7.7    7.4   13.4    2.1
    intensity /sigma bottom     1.0    3.7    6.5    5.7    4.6   12.7    2.8
    intensity /s     hor_a      1.2    1.2    0.3    3.1    2.6    1.5    0.4
    intensity /s     hor_b      1.3    1.2    0.4    3.1    2.8    0.4    0.3
    intensity /s     top        0.6    0.5    3.0    3.6    3.3    0.6    0.3
    intensity /s     bottom     0.7    0.5    1.1    2.6    2.1    0.4    0.4
    intensity median /sigma 5.95, median /s 1.15
    binary    /sigma hor_a      1.7    0.9    2.0    4.8    2.4    2.3    2.2
    binary    /sigma hor_b      1.1    0.7    1.9    4.7    1.7    1.9    2.5
    binary    /sigma top        2.8    0.6    1.8    4.9    2.0    2.4    2.7
    binary    /sigma bottom     2.2    0.5    3.6    5.3    6.1    1.6    4.0
    binary    /s     hor_a      0.5    0.5    0.4    2.9    1.5    1.0    0.4
    binary    /s     hor_b      0.9    0.4    0.4    2.7    1.1    0.8    0.5
    binary    /s     top        0.5    0.4    0.6    3.1    1.3    1.1    0.5
    binary    /s     bottom     0.7    0.3    1.3    3.1    3.3    0.7    0.7
    binary    median /sigma 2.23, median /s 0.74
  fitted: rho 0.911, source radius 1.23 deg, eye distance 8.51, tau_i 0.0128, psf sigma 0.80 px, eta median 0.0428
  start phases: model 1 +0.31 deg, model 2 +1.26 deg, model 3 +2.54 deg

wrote models/instrument_calibration.pt and models/instrument_calibration.json
