  model 1: 20000 faces, 28/28 geometries, noise median 0.0050, start phase -0.0 deg (8s)
  model 2: 20000 faces, 28/28 geometries, noise median 0.0350, start phase -0.0 deg (6s)
  model 3: 5996 faces, 28/28 geometries, noise median 0.0140, start phase +7.5 deg (1s)
[fit] 150 steps over 3 bodies at 48 phases
[W907 03:14:39.907606099 CUDACachingAllocator.cpp:508] expandable_segments: memory mapping failed with OOM on device 0 while trying to map 20971520 bytes (free: 58458112, total: 8080064512).
[W907 03:14:39.919523391 CUDACachingAllocator.cpp:508] expandable_segments: memory mapping failed with OOM on device 0 while trying to map 20971520 bytes (free: 60555264, total: 8080064512).
Traceback (most recent call last):
  File "/home/m12567jp/dev/Helsinki/scripts/calibrate.py", line 221, in <module>
    main()
  File "/home/m12567jp/dev/Helsinki/scripts/calibrate.py", line 184, in main
    raw, _, grads = fwd.vjp(
                    ^^^^^^^^
  File "/home/m12567jp/dev/Helsinki/hac26/forward/mesh/exact.py", line 366, in vjp
    raw = self._chunk(prep, phases, psi0, geoms, tau_b)
          ^^^^^^^^^^^^^^^^^^^^^^^^^^^^^^^^^^^^^^^^^^^^^
  File "/home/m12567jp/dev/Helsinki/hac26/forward/mesh/exact.py", line 287, in _chunk
    return self._reduce(self._images_chunk(prep, phases, psi0, geoms), geoms, tau_b)
                        ^^^^^^^^^^^^^^^^^^^^^^^^^^^^^^^^^^^^^^^^^^^^^
  File "/home/m12567jp/dev/Helsinki/hac26/forward/mesh/exact.py", line 268, in _images_chunk
    return self._images(prep, self._radiance(prep, cov, cfg.n_source), angle, geoms)
           ^^^^^^^^^^^^^^^^^^^^^^^^^^^^^^^^^^^^^^^^^^^^^^^^^^^^^^^^^^^^^^^^^^^^^^^^^
  File "/home/m12567jp/dev/Helsinki/hac26/forward/mesh/exact.py", line 258, in _images
    val = inst.sensor(img[..., 0], cos_off.expand(n, -1, -1), radius.expand(n, -1, -1),
          ^^^^^^^^^^^^^^^^^^^^^^^^^^^^^^^^^^^^^^^^^^^^^^^^^^^^^^^^^^^^^^^^^^^^^^^^^^^^^
  File "/home/m12567jp/dev/Helsinki/.venv/lib/python3.12/site-packages/torch/nn/modules/module.py", line 1778, in _wrapped_call_impl
    return self._call_impl(*args, **kwargs)
           ^^^^^^^^^^^^^^^^^^^^^^^^^^^^^^^^
  File "/home/m12567jp/dev/Helsinki/.venv/lib/python3.12/site-packages/torch/nn/modules/module.py", line 1789, in _call_impl
    return forward_call(*args, **kwargs)
           ^^^^^^^^^^^^^^^^^^^^^^^^^^^^^
  File "/home/m12567jp/dev/Helsinki/hac26/forward/mesh/sensor.py", line 139, in forward
    x = self.oetf(x / self.saturation.clamp_min(1e-6))
        ^^^^^^^^^^^^^^^^^^^^^^^^^^^^^^^^^^^^^^^^^^^^^^
  File "/home/m12567jp/dev/Helsinki/hac26/forward/mesh/sensor.py", line 121, in oetf
    return torch.lerp(k[i], k[i + 1], t)
           ^^^^^^^^^^^^^^^^^^^^^^^^^^^^^
torch.OutOfMemoryError: CUDA out of memory. Tried to allocate 72.00 MiB. GPU 0 has a total capacity of 7.53 GiB of which 97.75 MiB is free. Process 1194171 has 7.10 MiB memory in use. Including non-PyTorch memory, this process has 7.31 GiB memory in use. Of the allocated memory 5.99 GiB is allocated by PyTorch, and 74.08 MiB is reserved by PyTorch but unallocated. If reserved but unallocated memory is large try setting PYTORCH_CUDA_ALLOC_CONF=expandable_segments:True to avoid fragmentation.  See documentation for Memory Management  (https://docs.pytorch.org/docs/stable/notes/cuda.html#optimizing-memory-usage-with-pytorch-cuda-alloc-conf)
