[venv] active: /home/m12567jp/dev/Helsinki/.venv/bin/python (Python 3.12.3)
[venv] dependencies already satisfied (numpy, scipy, torch, trimesh, skimage, rtree, fast_simplification, embreex)
[03:51:56] === models: skipped (already done -- rm runs/.done/models or use --force-stage to redo)
[03:51:56] === objects: skipped (already done)
[03:51:56] === library: config changed since marker was written; rerunning
[03:51:56] === library: starting
[1/3] bodies: n=200, workers=16, res=64, out=dataset/generated/shapes; 26 real shape models, 191 objects; families potato 0.14, bilobe 0.24, trilobe 0.08, top 0.06, faceted 0.10, geometric 0.12, real 0.14, object 0.12
    100/200  (0 generated, 100 resumed)  488.06 bodies/s  ETA 0.0 min
    200/200  (0 generated, 200 resumed)  866.35 bodies/s  ETA 0.0 min
[2/3] wrote 200 bodies to dataset/generated/shapes
[3/3] validity + diversity report

# Shape library report: 200 bodies

Validity, measured on 200 bodies sampled from the full library:

| check | pass |
|---|---|
| closed | 200/200 |
| single_component | 200/200 |
| z_span | 200/200 |
| inside_cylinder | 200/200 |
| on_axis | 200/200 |

Convexity (volume / hull volume) over all 200 bodies, at the 10th, 25th, 50th, 75th and 90th percentiles: 0.553, 0.718, 0.826, 0.914, 0.985; 71% below 0.9, 11% at 0.98 or above

Cylinder radius (the published-style width over half-height) at the same percentiles: 0.58, 0.87, 1.42, 2.26, 3.02

Diversity, measured on the same 200-body sample:

- PR(support)  = 8.83
- PR(concavity) = 7.93
- PR(combined)  = 14.79
- pairwise Dice: mean 0.570, std 0.174, range [0.071, 0.902]

Base archetype counts over the full library:

- bilobe: 57
- object: 42
- potato: 24
- faceted: 20
- real: 19
- trilobe: 18
- geometric: 15
- top: 5

[03:52:34] === library: done
[03:52:34] === design: skipped (already done -- rm runs/.done/design or use --force-stage to redo)
[03:52:35] === calibrate: skipped (models/instrument_calibration.pt already present)
[03:52:35] === fit: starting
[1] loading 200 bodies from dataset/generated/shapes
  posed 197/200 bodies into the canonical frame (z span 2, xy r_max 1)
    preprocessed 10/200 bodies
    preprocessed 20/200 bodies
    preprocessed 30/200 bodies
    preprocessed 40/200 bodies
    preprocessed 50/200 bodies
    preprocessed 60/200 bodies
    preprocessed 70/200 bodies
    preprocessed 80/200 bodies
    preprocessed 90/200 bodies
    preprocessed 100/200 bodies
    preprocessed 110/200 bodies
    preprocessed 120/200 bodies
    preprocessed 130/200 bodies
    preprocessed 140/200 bodies
    preprocessed 150/200 bodies
    preprocessed 160/200 bodies
    preprocessed 170/200 bodies
    preprocessed 180/200 bodies
    preprocessed 190/200 bodies
    preprocessed 200/200 bodies
[2] fit on cuda: 200 bodies x (4096 support + 1728 amplitudes), batched 4 at a time
    step     0  sdf loss 0.00867  0s
    step   250  sdf loss 0.06286  6s
    step   500  sdf loss 0.01045  12s
    step   750  sdf loss 0.00108  18s
    step  1000  sdf loss 0.02174  23s
    step  1250  sdf loss 0.00878  29s
    step  1500  sdf loss 0.00462  35s
    step  1750  sdf loss 0.00819  40s
    step  2000  sdf loss 0.01348  46s
    step  2250  sdf loss 0.07568  52s
    step  2500  sdf loss 0.06145  58s
    step  2750  sdf loss 0.00915  63s
    step  3000  sdf loss 0.00058  69s
    step  3250  sdf loss 0.00457  75s
    step  3500  sdf loss 0.00734  80s
    step  3750  sdf loss 0.00325  86s
    step  3999  sdf loss 0.00019  92s
  [dice] fitted body against its mesh, 64 bodies sampled:
    bilobe           n  14  mean 0.782  min 0.072
    faceted          n   7  mean 0.891  min 0.440
    geometric        n   6  mean 0.912  min 0.642
    object           n  14  mean 0.614  min 0.000
    potato           n  10  mean 0.766  min 0.000
    real             n   8  mean 0.928  min 0.746
    top              n   1  mean 0.482  min 0.482
    trilobe          n   4  mean 0.952  min 0.905
  codes (200, 1856), amplitude variance 0.00335
  wrote runs/corpus_codes.npz
  [check] max|Delta| 0.6341, |g|max 1.7047, g variance 0.00335, sdf loss (median of 25) 0.004370 -> 0.010139
  WARNING: the sdf loss barely moved (0.004370 -> 0.010139). The corpus was still written; raise --steps if this was not deliberate.
[03:56:34] === fit: done
[03:56:34] === corpus: starting
  instrument: rho 0.911, source radius 1.23 deg, eye distance 8.51, tau_i 0.0128, psf sigma 0.80 px, eta median 0.0428
  convex stage: models/lpd_convex.pt on 8 CPU process(es); exact operator on cuda, 96 phases, extraction res 32
  body 2: no curves (degenerate mesh or unusable patches), skipped
  body 13: no curves (degenerate mesh or unusable patches), skipped
  body 0: radius 1.25, correction rms 0.1245 (beyond dh 0.0389), 49.8s
  body 1: radius 2.15, correction rms 0.2424 (beyond dh 0.0478), 48.9s
  body 3: radius 0.73, correction rms 0.2091 (beyond dh 0.0381), 48.7s
  body 4: radius 0.59, correction rms 0.1847 (beyond dh 0.0435), 48.8s
  body 5: radius 1.84, correction rms 0.2456 (beyond dh 0.0321), 48.9s
  body 23: no curves (degenerate mesh or unusable patches), skipped
  body 6: radius 2.01, correction rms 0.1151 (beyond dh 0.0470), 48.9s
  body 7: radius 1.26, correction rms 0.3396 (beyond dh 0.0611), 48.9s
  body 8: radius 0.91, correction rms 0.1059 (beyond dh 0.0421), 49.0s
  body 27: no curves (degenerate mesh or unusable patches), skipped
  body 28: no curves (degenerate mesh or unusable patches), skipped
  body 9: radius 0.96, correction rms 0.2320 (beyond dh 0.0568), 49.2s
  body 10: radius 2.40, correction rms 0.1561 (beyond dh 0.0506), 49.2s
  body 11: radius 2.57, correction rms 0.3195 (beyond dh 0.0517), 49.2s
  body 12: radius 2.65, correction rms 0.1117 (beyond dh 0.0382), 49.2s
  body 14: radius 0.90, correction rms 0.3182 (beyond dh 0.0736), 49.2s
  body 15: radius 1.47, correction rms 0.2812 (beyond dh 0.0401), 49.3s
  body 16: radius 3.20, correction rms 0.1828 (beyond dh 0.0310), 49.3s
  body 36: no curves (degenerate mesh or unusable patches), skipped
  body 17: radius 1.64, correction rms 0.1290 (beyond dh 0.0282), 49.4s
  body 18: radius 0.89, correction rms 0.1622 (beyond dh 0.0335), 49.5s
  body 19: radius 3.15, correction rms 0.3225 (beyond dh 0.0520), 49.4s
  body 40: no curves (degenerate mesh or unusable patches), skipped
  body 20: radius 0.97, correction rms 0.2391 (beyond dh 0.0649), 49.5s
  body 21: radius 1.10, correction rms 0.2368 (beyond dh 0.0505), 49.6s
  body 22: radius 2.29, correction rms 0.2647 (beyond dh 0.0420), 49.6s
  body 44: no curves (degenerate mesh or unusable patches), skipped
  body 45: no curves (degenerate mesh or unusable patches), skipped
  body 24: radius 2.48, correction rms 0.2554 (beyond dh 0.0508), 49.7s
  body 25: radius 2.08, correction rms 0.3858 (beyond dh 0.0367), 49.8s
  body 26: radius 1.81, correction rms 0.1650 (beyond dh 0.0331), 49.8s
  body 29: radius 2.72, correction rms 0.3031 (beyond dh 0.0606), 49.6s
  body 30: radius 1.37, correction rms 0.2546 (beyond dh 0.0520), 49.6s
  body 31: radius 4.71, correction rms 0.2318 (beyond dh 0.0684), 49.6s
  body 32: radius 3.01, correction rms 0.2342 (beyond dh 0.0395), 49.7s
  body 33: radius 3.25, correction rms 0.1135 (beyond dh 0.0380), 49.7s
  body 34: radius 1.44, correction rms 0.1620 (beyond dh 0.0349), 49.8s
  body 35: radius 2.26, correction rms 0.0951 (beyond dh 0.0330), 49.7s
  body 37: radius 0.58, correction rms 0.2602 (beyond dh 0.0578), 49.7s
  body 38: radius 0.58, correction rms 0.1924 (beyond dh 0.0460), 49.7s
  body 58: no curves (degenerate mesh or unusable patches), skipped
  body 39: radius 0.56, correction rms 0.1530 (beyond dh 0.0410), 49.7s
  body 41: radius 0.64, correction rms 0.2112 (beyond dh 0.0305), 49.6s
  body 42: radius 2.87, correction rms 0.1424 (beyond dh 0.0377), 49.6s
  body 43: radius 0.84, correction rms 0.1766 (beyond dh 0.0336), 49.6s
  body 46: radius 2.52, correction rms 0.7031 (beyond dh 0.0694), 49.4s
  body 47: radius 0.50, correction rms 0.1801 (beyond dh 0.0356), 49.4s
  body 48: radius 0.51, correction rms 0.3483 (beyond dh 0.0494), 49.4s
  body 49: radius 3.75, correction rms 0.1717 (beyond dh 0.0312), 49.4s
  body 67: no curves (degenerate mesh or unusable patches), skipped
  body 50: radius 0.69, correction rms 0.0583 (beyond dh 0.0157), 49.5s
  body 51: radius 1.21, correction rms 0.1924 (beyond dh 0.0462), 49.4s
  body 52: radius 1.10, correction rms 0.3094 (beyond dh 0.0428), 49.5s
  body 53: radius 1.42, correction rms 0.1645 (beyond dh 0.0361), 49.5s
  body 54: radius 0.77, correction rms 0.1914 (beyond dh 0.0366), 49.4s
  body 55: radius 3.63, correction rms 0.1808 (beyond dh 0.0538), 49.5s
  body 56: radius 1.17, correction rms 0.1584 (beyond dh 0.0404), 49.5s
  body 57: radius 0.90, correction rms 0.1784 (beyond dh 0.0366), 49.4s
  body 59: radius 0.48, correction rms 0.1551 (beyond dh 0.0418), 49.5s
  body 77: no curves (degenerate mesh or unusable patches), skipped
  body 60: radius 0.99, correction rms 0.1687 (beyond dh 0.0353), 49.5s
  body 79: no curves (degenerate mesh or unusable patches), skipped
  body 61: radius 1.81, correction rms 0.1824 (beyond dh 0.0394), 49.6s
  body 62: radius 0.46, correction rms 0.2651 (beyond dh 0.0504), 49.6s
  body 63: radius 0.44, correction rms 0.1956 (beyond dh 0.0541), 49.7s
  body 64: radius 0.56, correction rms 0.1348 (beyond dh 0.0268), 49.7s
  body 65: radius 1.03, correction rms 0.0437 (beyond dh 0.0170), 49.7s
  body 85: no curves (degenerate mesh or unusable patches), skipped
  body 66: radius 7.16, correction rms 0.3701 (beyond dh 0.0696), 49.7s
  body 68: radius 2.54, correction rms 0.2035 (beyond dh 0.0334), 49.7s
  body 69: radius 3.17, correction rms 0.5338 (beyond dh 0.0519), 49.7s
  body 70: radius 0.87, correction rms 0.0765 (beyond dh 0.0335), 49.7s
  body 71: radius 0.56, correction rms 0.1257 (beyond dh 0.0360), 49.7s
  body 91: no curves (degenerate mesh or unusable patches), skipped
  body 72: radius 2.58, correction rms 0.2141 (beyond dh 0.0572), 49.8s
  body 73: radius 0.90, correction rms 0.1705 (beyond dh 0.0290), 49.8s
  body 74: radius 1.50, correction rms 0.2146 (beyond dh 0.0698), 49.7s
  body 75: radius 2.05, correction rms 0.1314 (beyond dh 0.0257), 49.8s
  body 76: radius 1.03, correction rms 0.1566 (beyond dh 0.0458), 49.7s
  body 78: radius 1.42, correction rms 0.3866 (beyond dh 0.0506), 49.6s
  body 80: radius 2.60, correction rms 0.1025 (beyond dh 0.0307), 49.6s
  body 81: radius 1.34, correction rms 0.1794 (beyond dh 0.0497), 49.6s
  body 82: radius 0.76, correction rms 0.0929 (beyond dh 0.0329), 49.6s
  body 83: radius 1.99, correction rms 0.2211 (beyond dh 0.0452), 49.6s
  body 84: radius 0.85, correction rms 0.2355 (beyond dh 0.0406), 49.6s
  body 86: radius 0.54, correction rms 0.1379 (beyond dh 0.0334), 49.5s
  body 87: radius 0.62, correction rms 0.3108 (beyond dh 0.0563), 49.6s
  body 88: radius 2.83, correction rms 0.1225 (beyond dh 0.0249), 49.6s
  body 89: radius 1.34, correction rms 0.1741 (beyond dh 0.0410), 49.6s
  body 107: no curves (degenerate mesh or unusable patches), skipped
  body 90: radius 0.66, correction rms 0.2429 (beyond dh 0.0531), 49.6s
  body 92: radius 1.53, correction rms 0.2381 (beyond dh 0.0518), 49.5s
  body 93: radius 2.42, correction rms 0.1920 (beyond dh 0.0370), 49.5s
  body 94: radius 0.59, correction rms 0.2155 (beyond dh 0.0418), 49.5s
  body 95: radius 0.49, correction rms 0.2521 (beyond dh 0.0468), 49.5s
  body 96: radius 1.26, correction rms 0.2306 (beyond dh 0.0477), 49.5s
  body 97: radius 0.92, correction rms 0.0529 (beyond dh 0.0275), 49.6s
  body 98: radius 0.33, correction rms 0.2440 (beyond dh 0.0435), 49.6s
  body 99: radius 2.35, correction rms 0.3732 (beyond dh 0.0606), 49.5s
  body 100: radius 1.02, correction rms 0.1004 (beyond dh 0.0348), 49.5s
  body 101: radius 0.67, correction rms 0.1347 (beyond dh 0.0362), 49.4s
  body 102: radius 1.82, correction rms 0.2685 (beyond dh 0.0725), 49.4s
  body 103: radius 1.42, correction rms 0.1114 (beyond dh 0.0240), 49.5s
  body 104: radius 0.68, correction rms 0.1665 (beyond dh 0.0300), 49.4s
  body 105: radius 0.91, correction rms 0.2359 (beyond dh 0.0371), 49.3s
  body 106: radius 3.22, correction rms 0.2287 (beyond dh 0.0393), 49.3s
  body 108: radius 3.86, correction rms 0.4454 (beyond dh 0.0491), 49.2s
  body 109: radius 0.51, correction rms 0.1605 (beyond dh 0.0499), 49.3s
  body 110: radius 2.45, correction rms 0.3042 (beyond dh 0.0512), 49.3s
  body 111: radius 0.90, correction rms 0.1391 (beyond dh 0.0336), 49.3s
  body 112: radius 0.70, correction rms 0.3306 (beyond dh 0.0374), 49.3s
  body 113: radius 2.07, correction rms 0.1579 (beyond dh 0.0346), 49.3s
  body 114: radius 0.70, correction rms 0.1793 (beyond dh 0.0400), 49.3s
  body 115: radius 1.06, correction rms 0.1264 (beyond dh 0.0311), 49.3s
  body 116: radius 10.97, correction rms 0.5171 (beyond dh 0.1006), 49.2s
  body 117: radius 1.80, correction rms 0.2059 (beyond dh 0.0393), 49.2s
  body 118: radius 0.53, correction rms 0.1557 (beyond dh 0.0302), 49.2s
  body 119: radius 1.64, correction rms 0.3904 (beyond dh 0.0447), 49.2s
  body 120: radius 1.91, correction rms 0.1212 (beyond dh 0.0214), 49.1s
  body 121: radius 2.35, correction rms 0.2297 (beyond dh 0.0323), 49.1s
  body 138: no curves (degenerate mesh or unusable patches), skipped
  body 139: no curves (degenerate mesh or unusable patches), skipped
  body 122: radius 1.18, correction rms 0.1555 (beyond dh 0.0279), 49.2s
  body 123: radius 1.24, correction rms 0.1435 (beyond dh 0.0419), 49.3s
  body 124: radius 0.68, correction rms 0.1327 (beyond dh 0.0311), 49.3s
  body 143: no curves (degenerate mesh or unusable patches), skipped
  body 125: radius 0.83, correction rms 0.2708 (beyond dh 0.0513), 49.3s
  body 145: no curves (degenerate mesh or unusable patches), skipped
  body 126: radius 1.01, correction rms 0.1712 (beyond dh 0.0360), 49.3s
  body 127: radius 0.35, correction rms 0.3250 (beyond dh 0.0429), 49.3s
  body 128: radius 2.13, correction rms 0.1435 (beyond dh 0.0433), 49.3s
  body 129: radius 1.84, correction rms 0.1046 (beyond dh 0.0352), 49.3s
  body 130: radius 2.26, correction rms 0.1595 (beyond dh 0.0401), 49.2s
  body 131: radius 1.50, correction rms 0.2224 (beyond dh 0.0390), 49.2s
  body 132: radius 3.84, correction rms 0.1521 (beyond dh 0.0353), 49.2s
  body 133: radius 1.95, correction rms 0.2740 (beyond dh 0.0593), 49.2s
  body 134: radius 1.39, correction rms 0.0991 (beyond dh 0.0497), 49.2s
  body 155: no curves (degenerate mesh or unusable patches), skipped
  body 135: radius 1.17, correction rms 0.2741 (beyond dh 0.0603), 49.3s
  body 136: radius 2.01, correction rms 0.1076 (beyond dh 0.0336), 49.3s
  body 137: radius 1.64, correction rms 0.2166 (beyond dh 0.0425), 49.3s
  body 140: radius 2.54, correction rms 0.3501 (beyond dh 0.0505), 49.1s
  body 141: radius 0.53, correction rms 0.0930 (beyond dh 0.0186), 49.2s
  body 142: radius 2.39, correction rms 0.1219 (beyond dh 0.0328), 49.3s
  body 144: radius 1.72, correction rms 0.1312 (beyond dh 0.0339), 49.3s
  body 146: radius 0.72, correction rms 0.1826 (beyond dh 0.0336), 49.2s
  body 147: radius 1.55, correction rms 0.1619 (beyond dh 0.0425), 49.2s
  body 148: radius 2.21, correction rms 0.2798 (beyond dh 0.0306), 49.2s
  body 149: radius 2.70, correction rms 0.1366 (beyond dh 0.0403), 49.3s
  body 150: radius 2.13, correction rms 0.2136 (beyond dh 0.0359), 49.3s
  body 151: radius 1.75, correction rms 0.2339 (beyond dh 0.0404), 49.4s
  body 152: radius 0.57, correction rms 0.1568 (beyond dh 0.0376), 49.3s
  body 170: no curves (degenerate mesh or unusable patches), skipped
  body 153: radius 0.65, correction rms 0.1924 (beyond dh 0.0433), 49.4s
  body 154: radius 2.78, correction rms 0.1988 (beyond dh 0.0481), 49.3s
  body 156: radius 1.15, correction rms 0.0969 (beyond dh 0.0261), 49.3s
  body 157: radius 0.61, correction rms 0.1951 (beyond dh 0.0433), 49.3s
  body 175: no curves (degenerate mesh or unusable patches), skipped
  body 176: no curves (degenerate mesh or unusable patches), skipped
  body 177: no curves (degenerate mesh or unusable patches), skipped
  body 158: radius 0.71, correction rms 0.3982 (beyond dh 0.0564), 49.5s
  body 159: radius 1.14, correction rms 0.2039 (beyond dh 0.0789), 49.5s
  body 160: radius 0.51, correction rms 0.0968 (beyond dh 0.0352), 49.5s
  body 181: no curves (degenerate mesh or unusable patches), skipped
  body 161: radius 0.91, correction rms 0.1000 (beyond dh 0.0310), 49.6s
  body 162: radius 2.10, correction rms 0.1954 (beyond dh 0.0389), 49.5s
  body 184: no curves (degenerate mesh or unusable patches), skipped
  body 163: radius 3.01, correction rms 0.2864 (beyond dh 0.0491), 49.5s
  body 186: no curves (degenerate mesh or unusable patches), skipped
  body 164: radius 1.17, correction rms 0.1484 (beyond dh 0.0424), 49.7s
  body 165: radius 1.93, correction rms 0.1054 (beyond dh 0.0398), 49.6s
  body 166: radius 1.01, correction rms 0.1259 (beyond dh 0.0311), 49.7s
  body 167: radius 0.58, correction rms 0.1218 (beyond dh 0.0317), 49.6s
  body 168: radius 1.72, correction rms 0.1482 (beyond dh 0.0313), 49.6s
  body 169: radius 1.69, correction rms 0.2215 (beyond dh 0.0463), 49.6s
  body 171: radius 1.90, correction rms 0.1323 (beyond dh 0.0328), 49.6s
  body 172: radius 3.61, correction rms 0.1911 (beyond dh 0.0396), 49.6s
  body 195: no curves (degenerate mesh or unusable patches), skipped
  body 173: radius 0.56, correction rms 0.1638 (beyond dh 0.0414), 49.8s
  body 197: no curves (degenerate mesh or unusable patches), skipped
  body 174: radius 0.67, correction rms 0.3191 (beyond dh 0.0463), 49.8s
  body 199: no curves (degenerate mesh or unusable patches), skipped
  body 178: radius 2.35, correction rms 0.4002 (beyond dh 0.0450), 46.9s
  body 179: radius 1.16, correction rms 0.1335 (beyond dh 0.0239), 44.1s
  body 180: radius 1.71, correction rms 0.3355 (beyond dh 0.0424), 41.2s
  body 182: radius 0.80, correction rms 0.2367 (beyond dh 0.0446), 38.4s
  body 183: radius 0.74, correction rms 0.1088 (beyond dh 0.0275), 35.5s
  body 185: radius 0.59, correction rms 0.4698 (beyond dh 0.0747), 32.6s
  body 187: radius 2.16, correction rms 0.1692 (beyond dh 0.0515), 29.7s
  body 188: radius 1.68, correction rms 0.1166 (beyond dh 0.0350), 26.8s
  body 189: radius 0.98, correction rms 0.1330 (beyond dh 0.0404), 24.0s
  body 190: radius 2.65, correction rms 0.1143 (beyond dh 0.0310), 21.1s
  body 191: radius 1.11, correction rms 0.2152 (beyond dh 0.0400), 18.3s
  body 192: radius 0.88, correction rms 0.1171 (beyond dh 0.0363), 15.4s
  body 193: radius 0.54, correction rms 0.1983 (beyond dh 0.0500), 12.5s
  body 194: radius 2.35, correction rms 0.3861 (beyond dh 0.0773), 9.6s
  body 196: radius 1.57, correction rms 0.0679 (beyond dh 0.0168), 6.7s
  body 198: radius 1.44, correction rms 0.1371 (beyond dh 0.0450), 6.5s
note: ignoring retired preset keys ['damit_dir', 'damit_max_models', 'shape_source']
note: ignoring retired preset keys ['damit_dir', 'damit_max_models', 'shape_source']
note: ignoring retired preset keys ['damit_dir', 'damit_max_models', 'shape_source']
  wrote runs/corpus.npz: 169 of 200 bodies; correction rms per body 0.0437-0.7031
[04:04:53] === corpus: done
[04:04:53] === prior: starting
  corpus: 169 bodies from runs/corpus.npz, 96 phases, radii 0.33-10.97
  codec: g scale 0.00624, dh centre -0.07993 sd 0.16153, g sd 1.30888
  154 training bodies, 15 held out; batch 64, up to 20000 steps; quarter turns on
/home/m12567jp/dev/Helsinki/scripts/train_prior.py:134: UserWarning: Converting a tensor with requires_grad=True to a scalar may lead to unexpected behavior.
Consider using tensor.detach() first. (Triggered internally at /__w/pytorch/pytorch/torch/csrc/autograd/generated/python_variable_methods.cpp:822.)
  print(f"  [{_now()}] step {s:>6}  loss {float(loss):.5f}  (flow {float(flow):.5f}, "
  [05:04:59] step      0  loss 2.59568  (flow 2.30665, occupancy 0.28903)  elapsed 0:00:03
  [05:05:23] step    100  loss 1.46316  (flow 1.24576, occupancy 0.21740)  elapsed 0:00:26
  [05:05:46] step    200  loss 1.21552  (flow 1.04485, occupancy 0.17067)  elapsed 0:00:50
  [05:06:10] step    300  loss 1.31575  (flow 1.14229, occupancy 0.17346)  elapsed 0:01:14
  [05:06:34] step    400  loss 1.24197  (flow 1.07472, occupancy 0.16725)  elapsed 0:01:38
  [05:06:57] step    499  val 1.18803  (flow 1.02130, occupancy 0.16673)  best
  [05:06:57] step    500  loss 1.11561  (flow 0.94750, occupancy 0.16811)  elapsed 0:02:01
  [05:07:21] step    600  loss 1.13023  (flow 0.97292, occupancy 0.15732)  elapsed 0:02:25
  [05:07:45] step    700  loss 1.07651  (flow 0.92723, occupancy 0.14928)  elapsed 0:02:49
  [05:08:09] step    800  loss 1.15044  (flow 0.98993, occupancy 0.16051)  elapsed 0:03:12
  [05:08:32] step    900  loss 1.10701  (flow 0.91431, occupancy 0.19270)  elapsed 0:03:36
  [05:08:56] step    999  val 1.07147  (flow 0.91746, occupancy 0.15400)  best
  [05:08:56] step   1000  loss 1.10990  (flow 0.92903, occupancy 0.18087)  elapsed 0:04:00
  [05:09:20] step   1100  loss 1.05128  (flow 0.87790, occupancy 0.17338)  elapsed 0:04:24
  [05:09:43] step   1200  loss 1.07008  (flow 0.89666, occupancy 0.17341)  elapsed 0:04:47
  [05:10:07] step   1300  loss 1.18586  (flow 0.97690, occupancy 0.20896)  elapsed 0:05:11
  [05:10:31] step   1400  loss 1.14991  (flow 0.97645, occupancy 0.17345)  elapsed 0:05:35
  [05:10:54] step   1499  val 1.02220  (flow 0.87154, occupancy 0.15066)  best
  [05:10:55] step   1500  loss 1.24034  (flow 1.06060, occupancy 0.17975)  elapsed 0:05:59
  [05:11:18] step   1600  loss 1.13864  (flow 0.95014, occupancy 0.18850)  elapsed 0:06:22
  [05:11:42] step   1700  loss 1.15177  (flow 0.97261, occupancy 0.17917)  elapsed 0:06:46
  [05:12:06] step   1800  loss 1.01294  (flow 0.85085, occupancy 0.16209)  elapsed 0:07:10
  [05:12:30] step   1900  loss 1.13884  (flow 0.97145, occupancy 0.16739)  elapsed 0:07:33
  [05:12:53] step   1999  val 0.99018  (flow 0.84206, occupancy 0.14812)  best
  [05:12:53] step   2000  loss 0.90980  (flow 0.76724, occupancy 0.14256)  elapsed 0:07:57
  [05:13:17] step   2100  loss 0.96980  (flow 0.80987, occupancy 0.15993)  elapsed 0:08:21
  [05:13:41] step   2200  loss 0.93911  (flow 0.78236, occupancy 0.15675)  elapsed 0:08:45
  [05:14:04] step   2300  loss 0.92376  (flow 0.76881, occupancy 0.15495)  elapsed 0:09:08
  [05:14:28] step   2400  loss 0.92621  (flow 0.77533, occupancy 0.15088)  elapsed 0:09:32
  [05:14:52] step   2499  val 0.96781  (flow 0.82288, occupancy 0.14493)  best
  [05:14:52] step   2500  loss 0.93706  (flow 0.77828, occupancy 0.15878)  elapsed 0:09:56
  [05:15:16] step   2600  loss 0.92463  (flow 0.76414, occupancy 0.16049)  elapsed 0:10:20
  [05:15:39] step   2700  loss 1.01418  (flow 0.82504, occupancy 0.18915)  elapsed 0:10:43
  [05:16:03] step   2800  loss 0.85972  (flow 0.70795, occupancy 0.15176)  elapsed 0:11:07
  [05:16:27] step   2900  loss 1.02183  (flow 0.84423, occupancy 0.17760)  elapsed 0:11:31
  [05:16:50] step   2999  val 0.95290  (flow 0.81125, occupancy 0.14165)  best
  [05:16:50] step   3000  loss 0.85552  (flow 0.70387, occupancy 0.15164)  elapsed 0:11:54
  [05:17:14] step   3100  loss 0.93483  (flow 0.72922, occupancy 0.20561)  elapsed 0:12:18
  [05:17:38] step   3200  loss 0.85309  (flow 0.68536, occupancy 0.16773)  elapsed 0:12:42
  [05:18:02] step   3300  loss 0.81888  (flow 0.65351, occupancy 0.16537)  elapsed 0:13:05
  [05:18:25] step   3400  loss 0.81581  (flow 0.66523, occupancy 0.15058)  elapsed 0:13:29
  [05:18:49] step   3499  val 0.92594  (flow 0.78767, occupancy 0.13827)  best
  [05:18:49] step   3500  loss 0.83402  (flow 0.66109, occupancy 0.17293)  elapsed 0:13:53
  [05:19:13] step   3600  loss 0.80333  (flow 0.65334, occupancy 0.14998)  elapsed 0:14:17
  [05:19:36] step   3700  loss 0.80408  (flow 0.61635, occupancy 0.18772)  elapsed 0:14:40
  [05:20:00] step   3800  loss 0.72364  (flow 0.57648, occupancy 0.14716)  elapsed 0:15:04
  [05:20:24] step   3900  loss 0.69606  (flow 0.54809, occupancy 0.14798)  elapsed 0:15:28
  [05:20:47] step   3999  val 0.90654  (flow 0.76929, occupancy 0.13725)  best
  [05:20:47] step   4000  loss 0.80739  (flow 0.61322, occupancy 0.19417)  elapsed 0:15:51
  [05:21:11] step   4100  loss 0.81485  (flow 0.65318, occupancy 0.16167)  elapsed 0:16:15
  [05:21:35] step   4200  loss 0.69297  (flow 0.53978, occupancy 0.15319)  elapsed 0:16:39
  [05:21:58] step   4300  loss 0.69262  (flow 0.54072, occupancy 0.15190)  elapsed 0:17:02
  [05:22:22] step   4400  loss 0.69082  (flow 0.54168, occupancy 0.14914)  elapsed 0:17:26
  [05:22:45] step   4499  val 0.92003  (no improvement on 0.90654 from step 3999, 1/10)
  [05:22:46] step   4500  loss 0.65503  (flow 0.51773, occupancy 0.13730)  elapsed 0:17:50
  [05:23:09] step   4600  loss 0.61999  (flow 0.46577, occupancy 0.15422)  elapsed 0:18:13
  [05:23:33] step   4700  loss 0.63823  (flow 0.49108, occupancy 0.14716)  elapsed 0:18:37
  [05:23:57] step   4800  loss 0.60123  (flow 0.45878, occupancy 0.14245)  elapsed 0:19:01
  [05:24:20] step   4900  loss 0.73804  (flow 0.53464, occupancy 0.20340)  elapsed 0:19:24
  [05:24:44] step   4999  val 0.98235  (no improvement on 0.90654 from step 3999, 2/10)
  [05:24:44] step   5000  loss 0.61882  (flow 0.46678, occupancy 0.15204)  elapsed 0:19:48
  [05:25:08] step   5100  loss 0.61246  (flow 0.45505, occupancy 0.15740)  elapsed 0:20:11
  [05:25:31] step   5200  loss 0.67884  (flow 0.51796, occupancy 0.16088)  elapsed 0:20:35
  [05:25:55] step   5300  loss 0.58074  (flow 0.43031, occupancy 0.15043)  elapsed 0:20:59
  [05:26:18] step   5400  loss 0.58171  (flow 0.44936, occupancy 0.13235)  elapsed 0:21:22
  [05:26:42] step   5499  val 1.09116  (no improvement on 0.90654 from step 3999, 3/10)
  [05:26:42] step   5500  loss 0.63506  (flow 0.48660, occupancy 0.14845)  elapsed 0:21:46
  [05:27:06] step   5600  loss 0.66458  (flow 0.49753, occupancy 0.16705)  elapsed 0:22:10
  [05:27:29] step   5700  loss 0.56593  (flow 0.43480, occupancy 0.13114)  elapsed 0:22:33
  [05:27:53] step   5800  loss 0.69633  (flow 0.52856, occupancy 0.16777)  elapsed 0:22:57
  [05:28:17] step   5900  loss 0.54764  (flow 0.40754, occupancy 0.14009)  elapsed 0:23:21
  [05:28:40] step   5999  val 1.21997  (no improvement on 0.90654 from step 3999, 4/10)
  [05:28:40] step   6000  loss 0.60653  (flow 0.46300, occupancy 0.14353)  elapsed 0:23:44
  [05:29:04] step   6100  loss 0.61396  (flow 0.46490, occupancy 0.14905)  elapsed 0:24:08
  [05:29:28] step   6200  loss 0.63859  (flow 0.47549, occupancy 0.16310)  elapsed 0:24:31
  [05:29:51] step   6300  loss 0.61688  (flow 0.45845, occupancy 0.15843)  elapsed 0:24:55
  [05:30:15] step   6400  loss 0.61522  (flow 0.46323, occupancy 0.15199)  elapsed 0:25:19
  [05:30:38] step   6499  val 1.36318  (no improvement on 0.90654 from step 3999, 5/10)
  [05:30:39] step   6500  loss 0.58723  (flow 0.44103, occupancy 0.14620)  elapsed 0:25:42
  [05:31:02] step   6600  loss 0.51121  (flow 0.38272, occupancy 0.12849)  elapsed 0:26:06
  [05:31:26] step   6700  loss 0.51424  (flow 0.38273, occupancy 0.13152)  elapsed 0:26:30
  [05:31:49] step   6800  loss 0.52926  (flow 0.39423, occupancy 0.13504)  elapsed 0:26:53
  [05:32:13] step   6900  loss 0.55830  (flow 0.41948, occupancy 0.13882)  elapsed 0:27:17
  [05:32:37] step   6999  val 1.50394  (no improvement on 0.90654 from step 3999, 6/10)
  [05:32:37] step   7000  loss 0.55028  (flow 0.40668, occupancy 0.14360)  elapsed 0:27:41
  [05:33:01] step   7100  loss 0.51173  (flow 0.37212, occupancy 0.13961)  elapsed 0:28:04
  [05:33:24] step   7200  loss 0.62902  (flow 0.45813, occupancy 0.17090)  elapsed 0:28:28
  [05:33:48] step   7300  loss 0.58229  (flow 0.43360, occupancy 0.14868)  elapsed 0:28:52
  [05:34:11] step   7400  loss 0.50841  (flow 0.37199, occupancy 0.13642)  elapsed 0:29:15
  [05:34:35] step   7499  val 1.63575  (no improvement on 0.90654 from step 3999, 7/10)
  [05:34:35] step   7500  loss 0.53541  (flow 0.39857, occupancy 0.13684)  elapsed 0:29:39
  [05:34:59] step   7600  loss 0.51374  (flow 0.37749, occupancy 0.13625)  elapsed 0:30:03
  [05:35:23] step   7700  loss 0.52070  (flow 0.38437, occupancy 0.13633)  elapsed 0:30:26
  [05:35:46] step   7800  loss 0.54718  (flow 0.39851, occupancy 0.14867)  elapsed 0:30:50
  [05:36:10] step   7900  loss 0.52446  (flow 0.38401, occupancy 0.14045)  elapsed 0:31:14
  [05:36:33] step   7999  val 1.75799  (no improvement on 0.90654 from step 3999, 8/10)
  [05:36:34] step   8000  loss 0.49101  (flow 0.34927, occupancy 0.14174)  elapsed 0:31:37
  [05:36:57] step   8100  loss 0.55622  (flow 0.41793, occupancy 0.13829)  elapsed 0:32:01
  [05:37:21] step   8200  loss 0.59437  (flow 0.45732, occupancy 0.13704)  elapsed 0:32:25
  [05:37:45] step   8300  loss 0.52500  (flow 0.37868, occupancy 0.14632)  elapsed 0:32:48
  [05:38:08] step   8400  loss 0.53809  (flow 0.41375, occupancy 0.12433)  elapsed 0:33:12
  [05:38:32] step   8499  val 1.86362  (no improvement on 0.90654 from step 3999, 9/10)
  [05:38:32] step   8500  loss 0.60318  (flow 0.44645, occupancy 0.15673)  elapsed 0:33:36
  [05:38:56] step   8600  loss 0.54800  (flow 0.40260, occupancy 0.14540)  elapsed 0:33:59
  [05:39:19] step   8700  loss 0.51735  (flow 0.37241, occupancy 0.14493)  elapsed 0:34:23
  [05:39:43] step   8800  loss 0.50863  (flow 0.38166, occupancy 0.12698)  elapsed 0:34:47
  [05:40:07] step   8900  loss 0.55169  (flow 0.40753, occupancy 0.14416)  elapsed 0:35:11
  [05:40:30] step   8999  val 1.96466  (no improvement on 0.90654 from step 3999, 10/10)
  early stop at step 8999
  restored step 3999 (val 0.90654)
[05:40:30] wrote runs/prior_flow.pt after 0:35:34
[04:40:31] === prior: done
[04:40:31] === flow: starting
  corpus: 169 bodies from runs/corpus.npz, 96 phases, radii 0.33-10.97
  instrument: rho 0.911, source radius 1.23 deg, eye distance 8.51, tau_i 0.0128, psf sigma 0.80 px, eta median 0.0428
  exact operator on cuda, extraction res 32, 28 geometries, 96 phases; model error median 0.0428
  prior: runs/prior_flow.pt, trained 9000 steps on 169 bodies
  codec: g scale 0.00624, dh sd 0.16153, g sd 1.30893; corpus in whitened space reaches |z| = 4.64
  EMA decay 0.99000 (window ~100 steps of 1000)
  training samples 28/28 geometries per step; noise level 0.005-0.03 of the curve mean
  occupancy term: weight 1, soft edge 0.0458 (lattice spacing 0.1833)
  data-fit term: weight 1 on draws with t >= 0.75
  quarter turns: on, four training pairs per body
  154 training bodies, 15 held out; validating every 200 steps, patience 5
  [05:40:53] step     0  loss 4.32932  (flow 0.96475, occupancy 0.21035, data fit 3.15422)  dropped 0/2 bodies  19.0s/step  elapsed 0:00:18  eta 5:16:20
  [budget] 16.7s/step -> 4:38:08 projected for 1000 steps; 20:00:00 allowed. Largest --steps that fits: 4314
  [05:43:11] step    10  loss 0.89394  (flow 0.74825, occupancy 0.14569, data fit 0.00000)  dropped 0/22 bodies  9.8s/step  elapsed 0:02:37  eta 3:55:27
  [05:45:18] step    20  loss 2.88543  (flow 2.20336, occupancy 0.68207, data fit 0.00000)  dropped 0/42 bodies  12.4s/step  elapsed 0:04:44  eta 3:40:42
  [05:47:39] step    30  loss 1.01145  (flow 0.88090, occupancy 0.13055, data fit 0.00000)  dropped 1/62 bodies  12.5s/step  elapsed 0:07:05  eta 3:41:43
