[venv] active: /home/m12567jp/dev/Helsinki/.venv/bin/python (Python 3.12.3)
[venv] dependencies already satisfied (numpy, scipy, torch, trimesh, skimage, rtree, fast_simplification, embreex)
[04:48:58] === models: skipped (already done -- rm runs/.done/models or use --force-stage to redo)
[04:48:58] === objects: skipped (already done)
[04:48:58] === library: skipped (already done -- rm runs/.done/library or use --force-stage to redo)
[04:48:58] === design: skipped (already done -- rm runs/.done/design or use --force-stage to redo)
[04:49:00] === calibrate: skipped (models/instrument_calibration.pt already present)
[04:49:00] === fit: skipped (already done -- rm runs/.done/fit or use --force-stage to redo)
[04:49:00] === corpus: skipped (already done -- rm runs/.done/corpus or use --force-stage to redo)
[04:49:00] === prior: skipped (already done -- rm runs/.done/prior or use --force-stage to redo)
[04:49:00] === flow: starting
  corpus: 169 bodies from runs/corpus.npz, 96 phases, radii 0.33-10.97
  instrument: rho 0.911, source radius 1.23 deg, eye distance 8.51, tau_i 0.0128, psf sigma 0.80 px, eta median 0.0428
  exact operator on cuda, extraction res 32, 28 geometries, 96 phases; model error median 0.0428
  prior: runs/prior_flow.pt, trained 9000 steps on 169 bodies
  codec: g scale 0.00624, dh sd 0.16153, g sd 1.30893; corpus in whitened space reaches |z| = 4.64
  EMA decay 0.96000 (window ~25 steps of 250)
  training samples 28/28 geometries per step; noise level 0.005-0.03 of the curve mean
  occupancy term: weight 1, soft edge 0.0458 (lattice spacing 0.1833)
  data-fit term: weight 1 on draws with t >= 0.75
  quarter turns: on, four training pairs per body
  154 training bodies, 15 held out; validating every 200 steps, patience 5
  [05:49:22] step     0  loss 4.32932  (flow 0.96475, occupancy 0.21035, data fit 3.15422)  dropped 0/2 bodies  19.0s/step  elapsed 0:00:19  eta 1:18:56
  [budget] 15.6s/step -> 1:05:00 projected for 250 steps; 20:00:00 allowed. Largest --steps that fits: 4614
  [05:51:30] step    10  loss 0.92562  (flow 0.76017, occupancy 0.16545, data fit 0.00000)  dropped 0/22 bodies  12.3s/step  elapsed 0:02:26  eta 0:53:04
  [05:53:49] step    20  loss 5.31824  (flow 3.31901, occupancy 1.99923, data fit 0.00000)  dropped 0/42 bodies  9.8s/step  elapsed 0:04:46  eta 0:52:02
  [05:55:58] step    30  loss 24.11566  (flow 6.85017, occupancy 17.26550, data fit 0.00000)  dropped 1/62 bodies  12.3s/step  elapsed 0:06:55  eta 0:48:52
  [05:58:33] step    40  loss 3.59207  (flow 2.99680, occupancy 0.59526, data fit 0.00000)  dropped 2/82 bodies  6.0s/step  elapsed 0:09:29  eta 0:48:23
  [06:00:55] step    50  loss 1.10626  (flow 0.85639, occupancy 0.24987, data fit 0.00000)  dropped 2/102 bodies  11.9s/step  elapsed 0:11:51  eta 0:46:17
  [06:03:14] step    60  loss 2.58220  (flow 1.29812, occupancy 0.24583, data fit 1.03825)  dropped 3/122 bodies  14.9s/step  elapsed 0:14:11  eta 0:43:56
  [06:05:31] step    70  loss 0.95760  (flow 0.76383, occupancy 0.16273, data fit 0.03105)  dropped 4/142 bodies  18.7s/step  elapsed 0:16:28  eta 0:41:31
  [06:07:54] step    80  loss 0.98253  (flow 0.82514, occupancy 0.15739, data fit 0.00000)  dropped 5/162 bodies  9.9s/step  elapsed 0:18:51  eta 0:39:19
  [06:10:02] step    90  loss 0.75072  (flow 0.58467, occupancy 0.16604, data fit 0.00000)  dropped 6/182 bodies  12.1s/step  elapsed 0:20:59  eta 0:36:40
  [06:11:50] step    99  checkpointed to runs/lpd_flow.pt.ckpt
  [06:12:00] step   100  loss 1.06328  (flow 0.85813, occupancy 0.20515, data fit 0.00000)  dropped 7/202 bodies  10.1s/step  elapsed 0:22:57  eta 0:33:51
  [06:14:40] step   110  loss 2.87776  (flow 1.02801, occupancy 0.15389, data fit 1.69587)  dropped 7/222 bodies  18.5s/step  elapsed 0:25:37  eta 0:32:05
  [06:17:05] step   120  loss 3.00295  (flow 1.01218, occupancy 0.14192, data fit 1.84885)  dropped 7/242 bodies  14.9s/step  elapsed 0:28:02  eta 0:29:53
  [06:19:30] step   130  loss 53.17310  (flow 4.54444, occupancy 42.88542, data fit 5.74323)  dropped 7/262 bodies  18.4s/step  elapsed 0:30:26  eta 0:27:39
  [06:21:52] step   140  loss 1.77825  (flow 0.93188, occupancy 0.11942, data fit 0.72695)  dropped 7/282 bodies  15.0s/step  elapsed 0:32:48  eta 0:25:21
  [06:24:05] step   150  loss 104.06596  (flow 12.86703, occupancy 89.83640, data fit 1.36252)  dropped 8/302 bodies  18.7s/step  elapsed 0:35:01  eta 0:22:57
  [06:26:40] step   160  loss 1.87191  (flow 1.31303, occupancy 0.34707, data fit 0.21181)  dropped 8/322 bodies  19.1s/step  elapsed 0:37:37  eta 0:20:47
  [06:28:52] step   170  loss 1.01287  (flow 0.75686, occupancy 0.25602, data fit 0.00000)  dropped 10/342 bodies  9.9s/step  elapsed 0:39:49  eta 0:18:23
  [06:30:53] step   180  loss 0.80153  (flow 0.62911, occupancy 0.17242, data fit 0.00000)  dropped 11/362 bodies  9.9s/step  elapsed 0:41:49  eta 0:15:56
  [06:32:44] step   190  loss 1.31794  (flow 0.95727, occupancy 0.22191, data fit 0.13876)  dropped 12/382 bodies  15.8s/step  elapsed 0:43:40  eta 0:13:29
  [06:36:29] step   199  |g|hat 0.01168 vs corpus 0.01424 (82%), across-draw spread 0.01078; val flow 0.93323, occupancy 0.13965, data fit 0.12047, dropped 2/15
  [06:36:29] step   199  val 1.19335  (best, 99s)
  [06:36:29] step   199  checkpointed to runs/lpd_flow.pt.ckpt
  [06:36:35] step   200  loss 0.83929  (flow 0.68002, occupancy 0.15927, data fit 0.00000)  dropped 13/402 bodies  6.2s/step  elapsed 0:47:32  eta 0:11:35
  [06:38:53] step   210  loss 1.99697  (flow 1.27184, occupancy 0.18317, data fit 0.54197)  dropped 13/422 bodies  14.8s/step  elapsed 0:49:50  eta 0:09:12
  [06:40:45] step   220  loss 7.12315  (flow 3.21185, occupancy 3.81873, data fit 0.09258)  dropped 14/442 bodies  12.6s/step  elapsed 0:51:42  eta 0:06:47
  [06:42:58] step   230  loss 0.74733  (flow 0.59896, occupancy 0.14837, data fit 0.00000)  dropped 15/462 bodies  10.0s/step  elapsed 0:53:55  eta 0:04:26
  [06:45:00] step   240  loss 3.68369  (flow 2.62017, occupancy 0.18786, data fit 0.87565)  dropped 15/482 bodies  15.0s/step  elapsed 0:55:56  eta 0:02:05
  [06:47:10] step   249  loss 1.84651  (flow 1.15558, occupancy 0.29419, data fit 0.39674)  dropped 15/500 bodies  17.4s/step  elapsed 0:58:07  eta 0:00:00
  [06:48:56] step   249  |g|hat 0.19033 vs corpus 0.01424 (1337%), across-draw spread 0.26225; val flow 6.03671, occupancy 38.12696, data fit 0.10886, dropped 2/15
  [06:48:56] step   249  val 44.27253  (no improvement on 1.19335 from step 199, 1/5, 106s)
  [06:48:56] step   249  checkpointed to runs/lpd_flow.pt.ckpt
  restored step 199 (val 1.19335) after 250 steps
[06:48:56] wrote runs/lpd_flow.pt after 0:59:53 of training
[05:48:57] === flow: done
[05:48:57] === flow-rollout: starting
  corpus: 169 bodies from runs/corpus.npz, 96 phases, radii 0.33-10.97
  instrument: rho 0.911, source radius 1.23 deg, eye distance 8.51, tau_i 0.0128, psf sigma 0.80 px, eta median 0.0428
  exact operator on cuda, extraction res 32, 28 geometries, 96 phases; model error median 0.0428
  prior: runs/prior_flow.pt, trained 9000 steps on 169 bodies
  codec: g scale 0.00624, dh sd 0.16153, g sd 1.30893; corpus in whitened space reaches |z| = 4.64
  EMA decay 0.96000 (window ~25 steps of 250)
  training samples 28/28 geometries per step; noise level 0.005-0.03 of the curve mean
  occupancy term: weight 1, soft edge 0.0458 (lattice spacing 0.1833)
  data-fit term: weight 1 on draws with t >= 0.75
  quarter turns: on, four training pairs per body
  154 training bodies, 15 held out; validating every 200 steps, patience 5
  [06:49:00] resumed runs/lpd_flow.pt.ckpt at step 250 of 250 (0:59:53 trained so far; best val 1.19335 from step 199, 1/5 without improvement)
  EMA decay 0.96000 (window ~25 steps of 250)
  branched from 1 to 4 experts at [0.25, 0.5, 0.75]; rollout fraction changed from 0.0 to 0.5: early-stopping record reset
  training 300 steps beyond the checkpoint, to step 550
  [06:50:57] step   250  loss 54.68896  (flow 32.63747, occupancy 7.05725, data fit 14.99423)  dropped 0/2 bodies  rolled out 1 batches  116.3s/step  elapsed 1:01:49  eta 9:39:27
  [budget] 47.1s/step -> 4:55:26 projected for 550 steps; 20:00:00 allowed. Largest --steps that fits: 1702
  [06:55:52] step   260  loss 127.48111  (flow 52.03154, occupancy 75.44957, data fit 0.00000)  dropped 5/22 bodies  rolled out 4 batches  105.0s/step  elapsed 1:06:44  eta 3:00:14
