=== convex starts (10 models) 08:56:30
  --- model 1: results/convex/Asteroid01.stl already present
  --- model 2: results/convex/Asteroid02.stl already present
  --- model 3: results/convex/Asteroid03.stl already present
  --- model 4: results/convex/Asteroid04.stl already present
  --- model 5: results/convex/Asteroid05.stl already present
  --- model 6: results/convex/Asteroid06.stl already present
  --- model 7: results/convex/Asteroid07.stl already present
  --- model 8: results/convex/Asteroid08.stl already present
  --- model 9: results/convex/Asteroid09.stl already present
  --- model 10: results/convex/Asteroid10.stl already present
=== convex done 08:56:30
=== reconstruct (10 models) 08:56:30
  --- model 1 -> results/lpd/Asteroid01.stl  (started 08:56:30)
  instrument: rho 0.911, source radius 1.23 deg, eye distance 8.51, tau_i 0.0128, psf sigma 0.80 px, eta median 0.0428
  h from results/convex/Asteroid01.stl: 0.935-1.025
model 1: R = 1.12, 28/28 geometries present; residual scale median 0.0430
  8 draws x 16 steps (churn 0.5) in 760s
  draw 0: polished from 1.08 to 0.92 sigma in 1 steps
  draw 1: polished from 1.24 to 0.97 sigma in 3 steps
  draw 2: polished from 1.18 to 0.98 sigma in 2 steps
  draw 3: polished from 1.32 to 0.94 sigma in 3 steps
  draw 4: polished from 1.06 to 0.85 sigma in 2 steps
  draw 5: polished from 1.65 to 0.97 sigma in 8 steps
  draw 6: polished from 1.07 to 0.88 sigma in 1 steps
  draw 7: polished from 1.29 to 0.93 sigma in 3 steps
  polish in 284s
  codes saved to results/lpd/Asteroid01.codes.npz
  draw 0: misfit 0.96 sigma
  draw 1: misfit 1.02 sigma
  draw 2: misfit 1.04 sigma
  draw 3: misfit 0.99 sigma
  draw 4: misfit 0.88 sigma
  draw 5: misfit 1.02 sigma
  draw 6: misfit 0.91 sigma
  draw 7: misfit 0.95 sigma
  side-view medoid: 200000 surface points/draw, 36 dirs, res 512
  planar snap disabled
  answer = draw 6 of 8 draws and 3 consensus bodies by volume+side_view; mean Dice to the draws 0.9385; misfit 0.91 sigma (draws 0.88-1.04)
  DICE vs truth: 0.9574
{"model": 1, "radius": 1.12, "draws": 8, "answer": "draw 6", "candidate": 6, "consensus_levels": [0.35, 0.5, 0.65], "spread": 0.9462195787468576, "spread_off_medoid": 0.9385366614249799, "collapsed": false, "medoid_metric": "volume+side_view", "medoid_volume_only": false, "medoid_side_points": 200000, "medoid_side_dirs": 36, "medoid_side_res": 512, "medoid_side_mode": "side", "residual_scale_median": 0.043046578764915466, "steps": 16, "churn": 0.5, "polish_steps": 30, "polish_target": 1.0, "polish_misfit_sigma": [[1.0774962902069092, 0.9246540665626526, 1], [1.2402007579803467, 0.9728060960769653, 3], [1.1756142377853394, 0.9790497422218323, 2], [1.3181827068328857, 0.9370286464691162, 3], [1.0556349754333496, 0.8460201025009155, 2], [1.6547503471374512, 0.9710115194320679, 8], [1.0731538534164429, 0.8800986409187317, 1], [1.2931879758834839, 0.9287416934967041, 3]], "misfit_sigma": [0.9640377759933472, 1.0158510208129883, 1.04220449924469, 0.988491952419281, 0.8847652673721313, 1.0212664604187012, 0.9096735715866089, 0.9485561847686768], "answer_misfit_sigma": 0.9096735715866089, "held_out_geoms": [], "seen_geoms": [0, 1, 2, 3, 4, 5, 6, 7, 8, 9, 10, 11, 12, 13, 14, 15, 16, 17, 18, 19, 20, 21, 22, 23, 24, 25, 26, 27], "held_out_misfit_sigma": null, "snap_enabled": false, "snap_max_rise": 0.05, "snap_planes": 12, "snap_tol": 0.02, "snap_min_frac": 0.02, "planes_accepted": [0, 0, 0, 0, 0, 0, 0, 0], "codes_file": "results/lpd/Asteroid01.codes.npz", "watertight": true, "volume": 4.700299326900726, "faces": 28392, "dice": 0.9573544924318337}
  --- model 1 finished 09:14:43
  --- model 2 -> results/lpd/Asteroid02.stl  (started 09:14:43)
  instrument: rho 0.911, source radius 1.23 deg, eye distance 8.51, tau_i 0.0128, psf sigma 0.80 px, eta median 0.0428
  h from results/convex/Asteroid02.stl: 0.682-1.236
model 2: R = 1.42, 28/28 geometries present; residual scale median 0.0646
  8 draws x 16 steps (churn 0.5) in 722s
  draw 0: polished from 3.92 to 3.69 sigma in 6 steps
  draw 1: polished from 4.10 to 3.77 sigma in 4 steps
  draw 2: polished from 4.06 to 3.76 sigma in 4 steps
  draw 3: polished from 4.02 to 3.75 sigma in 6 steps
  draw 4: polished from 4.01 to 3.75 sigma in 3 steps
  draw 5: polished from 4.05 to 3.84 sigma in 7 steps
  draw 6: polished from 3.91 to 3.77 sigma in 6 steps
  draw 7: polished from 4.19 to 3.75 sigma in 9 steps
  polish in 428s
  codes saved to results/lpd/Asteroid02.codes.npz
  draw 0: misfit 3.61 sigma
  draw 1: misfit 3.70 sigma
  draw 2: misfit 3.75 sigma
  draw 3: misfit 3.70 sigma
  draw 4: misfit 3.70 sigma
  draw 5: misfit 3.82 sigma
  draw 6: misfit 3.75 sigma
  draw 7: misfit 3.78 sigma
  side-view medoid: 200000 surface points/draw, 36 dirs, res 512
  planar snap disabled
[W907 09:35:07.428460123 CUDACachingAllocator.cpp:3933] memory allocation failed with OOM on device 0 while trying to allocate 583008256 bytes (free: 492568576, total: 8080064512).
  answer = consensus at level 0.5 of 8 draws and 3 consensus bodies by volume+side_view; mean Dice to the draws 0.9090; misfit inf sigma (draws 3.61-3.82)
  DICE vs truth: 0.8035
{"model": 2, "radius": 1.42, "draws": 8, "answer": "consensus at level 0.5", "candidate": 9, "consensus_levels": [0.35, 0.5, 0.65], "spread": 0.9089788534193526, "spread_off_medoid": 0.9089788534193526, "collapsed": false, "medoid_metric": "volume+side_view", "medoid_volume_only": false, "medoid_side_points": 200000, "medoid_side_dirs": 36, "medoid_side_res": 512, "medoid_side_mode": "side", "residual_scale_median": 0.06463222205638885, "steps": 16, "churn": 0.5, "polish_steps": 30, "polish_target": 1.0, "polish_misfit_sigma": [[3.9158694744110107, 3.689722776412964, 6], [4.103340148925781, 3.769697427749634, 4], [4.058365821838379, 3.7639787197113037, 4], [4.017838478088379, 3.753056287765503, 6], [4.012295246124268, 3.7456870079040527, 3], [4.048858642578125, 3.839463949203491, 7], [3.9139809608459473, 3.7660088539123535, 6], [4.187540531158447, 3.745002269744873, 9]], "misfit_sigma": [3.6091561317443848, 3.703695297241211, 3.7512786388397217, 3.696251153945923, 3.699934720993042, 3.8158066272735596, 3.749164581298828, 3.778533935546875], "answer_misfit_sigma": Infinity, "held_out_geoms": [], "seen_geoms": [0, 1, 2, 3, 4, 5, 6, 7, 8, 9, 10, 11, 12, 13, 14, 15, 16, 17, 18, 19, 20, 21, 22, 23, 24, 25, 26, 27], "held_out_misfit_sigma": null, "snap_enabled": false, "snap_max_rise": 0.05, "snap_planes": 12, "snap_tol": 0.02, "snap_min_frac": 0.02, "planes_accepted": [0, 0, 0, 0, 0, 0, 0, 0], "codes_file": "results/lpd/Asteroid02.codes.npz", "watertight": false, "volume": -5.234831813468349, "faces": 29526, "filled_holes": true, "dice": 0.8034895261596523}
  --- model 2 finished 09:35:13
  --- model 3 -> results/lpd/Asteroid03.stl  (started 09:35:13)
  instrument: rho 0.911, source radius 1.23 deg, eye distance 8.51, tau_i 0.0128, psf sigma 0.80 px, eta median 0.0428
  h from results/convex/Asteroid03.stl: 0.751-1.083
model 3: R = 0.88, 28/28 geometries present; residual scale median 0.0436
  8 draws x 16 steps (churn 0.5) in 756s
  draw 0: polished from 1.70 to 1.56 sigma in 15 steps
  draw 1: polished from 1.69 to 1.55 sigma in 10 steps
  draw 2: polished from 1.65 to 1.56 sigma in 6 steps
  draw 3: polished from 1.70 to 1.57 sigma in 26 steps
  draw 4: polished from 1.75 to 1.55 sigma in 11 steps
  draw 5: polished from 1.88 to 1.63 sigma in 12 steps
  draw 6: polished from 1.70 to 1.53 sigma in 13 steps
  draw 7: polished from 1.76 to 1.54 sigma in 14 steps
  polish in 1008s
  codes saved to results/lpd/Asteroid03.codes.npz
  draw 0: misfit 1.61 sigma
  draw 1: misfit 1.57 sigma
  draw 2: misfit 1.58 sigma
  draw 3: misfit 1.62 sigma
  draw 4: misfit 1.58 sigma
  draw 5: misfit 1.65 sigma
  draw 6: misfit 1.55 sigma
  draw 7: misfit 1.60 sigma
  side-view medoid: 200000 surface points/draw, 36 dirs, res 512
  planar snap disabled
  answer = draw 6 of 8 draws and 3 consensus bodies by volume+side_view; mean Dice to the draws 0.9470; misfit 1.55 sigma (draws 1.55-1.65)
  DICE vs truth: 0.7020
{"model": 3, "radius": 0.88, "draws": 8, "answer": "draw 6", "candidate": 6, "consensus_levels": [0.35, 0.5, 0.65], "spread": 0.9536486120240808, "spread_off_medoid": 0.9470269851703781, "collapsed": false, "medoid_metric": "volume+side_view", "medoid_volume_only": false, "medoid_side_points": 200000, "medoid_side_dirs": 36, "medoid_side_res": 512, "medoid_side_mode": "side", "residual_scale_median": 0.04362001270055771, "steps": 16, "churn": 0.5, "polish_steps": 30, "polish_target": 1.0, "polish_misfit_sigma": [[1.703748345375061, 1.5647897720336914, 15], [1.6874397993087769, 1.5472806692123413, 10], [1.6512925624847412, 1.5552842617034912, 6], [1.7049211263656616, 1.5705465078353882, 26], [1.7481492757797241, 1.5524448156356812, 11], [1.880857229232788, 1.6262273788452148, 12], [1.7024205923080444, 1.5344332456588745, 13], [1.764177918434143, 1.5423662662506104, 14]], "misfit_sigma": [1.6111385822296143, 1.570597767829895, 1.5829870700836182, 1.6189192533493042, 1.579756259918213, 1.6518884897232056, 1.5520583391189575, 1.597985029220581], "answer_misfit_sigma": 1.5520583391189575, "held_out_geoms": [], "seen_geoms": [0, 1, 2, 3, 4, 5, 6, 7, 8, 9, 10, 11, 12, 13, 14, 15, 16, 17, 18, 19, 20, 21, 22, 23, 24, 25, 26, 27], "held_out_misfit_sigma": null, "snap_enabled": false, "snap_max_rise": 0.05, "snap_planes": 12, "snap_tol": 0.02, "snap_min_frac": 0.02, "planes_accepted": [0, 0, 0, 0, 0, 0, 0, 0], "codes_file": "results/lpd/Asteroid03.codes.npz", "watertight": true, "volume": 2.505786106638308, "faces": 25304, "dice": 0.7019633560406322}
  --- model 3 finished 10:05:13
  --- model 4 -> results/lpd/Asteroid04.stl  (started 10:05:13)
  instrument: rho 0.911, source radius 1.23 deg, eye distance 8.51, tau_i 0.0128, psf sigma 0.80 px, eta median 0.0428
  h from results/convex/Asteroid04.stl: 0.644-1.057
model 4: R = 1.475, 28/28 geometries present; residual scale median 0.0437
  8 draws x 16 steps (churn 0.5) in 774s
  draw 0: polished from 2.46 to 2.32 sigma in 6 steps
  draw 1: polished from 2.38 to 2.26 sigma in 9 steps
  draw 2: polished from 2.38 to 2.26 sigma in 19 steps
  draw 3: polished from 2.53 to 2.26 sigma in 22 steps
  draw 4: polished from 2.55 to 2.30 sigma in 13 steps
  draw 5: polished from 2.53 to 2.32 sigma in 12 steps
  draw 6: polished from 2.42 to 2.27 sigma in 10 steps
  draw 7: polished from 2.42 to 2.28 sigma in 12 steps
  polish in 983s
  codes saved to results/lpd/Asteroid04.codes.npz
  draw 0: misfit 2.40 sigma
  draw 1: misfit 2.30 sigma
  draw 2: misfit 2.33 sigma
  draw 3: misfit 2.30 sigma
  draw 4: misfit 2.34 sigma
  draw 5: misfit 2.40 sigma
  draw 6: misfit 2.31 sigma
  draw 7: misfit 2.34 sigma
  side-view medoid: 200000 surface points/draw, 36 dirs, res 512
  planar snap disabled
  answer = consensus at level 0.5 of 8 draws and 3 consensus bodies by volume+side_view; mean Dice to the draws 0.9532; misfit inf sigma (draws 2.30-2.40)
{"model": 4, "radius": 1.475, "draws": 8, "answer": "consensus at level 0.5", "candidate": 9, "consensus_levels": [0.35, 0.5, 0.65], "spread": 0.9532312816524335, "spread_off_medoid": 0.9532312816524335, "collapsed": false, "medoid_metric": "volume+side_view", "medoid_volume_only": false, "medoid_side_points": 200000, "medoid_side_dirs": 36, "medoid_side_res": 512, "medoid_side_mode": "side", "residual_scale_median": 0.04373428225517273, "steps": 16, "churn": 0.5, "polish_steps": 30, "polish_target": 1.0, "polish_misfit_sigma": [[2.4611520767211914, 2.3182122707366943, 6], [2.3774261474609375, 2.26057505607605, 9], [2.3849403858184814, 2.2597639560699463, 19], [2.529266595840454, 2.2576904296875, 22], [2.5471019744873047, 2.2955880165100098, 13], [2.527933120727539, 2.319627285003662, 12], [2.415879964828491, 2.27048397064209, 10], [2.4182944297790527, 2.275171995162964, 12]], "misfit_sigma": [2.403571605682373, 2.2987723350524902, 2.3251805305480957, 2.3011693954467773, 2.335222005844116, 2.3966100215911865, 2.3057150840759277, 2.343679189682007], "answer_misfit_sigma": Infinity, "held_out_geoms": [], "seen_geoms": [0, 1, 2, 3, 4, 5, 6, 7, 8, 9, 10, 11, 12, 13, 14, 15, 16, 17, 18, 19, 20, 21, 22, 23, 24, 25, 26, 27], "held_out_misfit_sigma": null, "snap_enabled": false, "snap_max_rise": 0.05, "snap_planes": 12, "snap_tol": 0.02, "snap_min_frac": 0.02, "planes_accepted": [0, 0, 0, 0, 0, 0, 0, 0], "codes_file": "results/lpd/Asteroid04.codes.npz", "watertight": false, "volume": -5.845421894448028, "faces": 20052, "filled_holes": true}
  --- model 4 finished 10:35:32
  --- model 5 -> results/lpd/Asteroid05.stl  (started 10:35:32)
  instrument: rho 0.911, source radius 1.23 deg, eye distance 8.51, tau_i 0.0128, psf sigma 0.80 px, eta median 0.0428
  h from results/convex/Asteroid05.stl: 0.895-1.104
model 5: R = 1.22, 28/28 geometries present; residual scale median 0.0435
  8 draws x 16 steps (churn 0.5) in 767s
  draw 0: polished from 2.07 to 1.63 sigma in 30 steps
  draw 1: polished from 2.06 to 1.64 sigma in 30 steps
  draw 2: polished from 1.89 to 1.61 sigma in 18 steps
  draw 3: polished from 2.20 to 1.64 sigma in 30 steps
  draw 4: polished from 1.98 to 1.57 sigma in 28 steps
  draw 5: polished from 2.30 to 1.63 sigma in 30 steps
  draw 6: polished from 1.89 to 1.60 sigma in 16 steps
  draw 7: polished from 2.15 to 1.63 sigma in 30 steps
  polish in 1888s
  codes saved to results/lpd/Asteroid05.codes.npz
  draw 0: misfit 1.68 sigma
  draw 1: misfit 1.69 sigma
  draw 2: misfit 1.65 sigma
  draw 3: misfit 1.67 sigma
  draw 4: misfit 1.61 sigma
  draw 5: misfit 1.68 sigma
  draw 6: misfit 1.64 sigma
  draw 7: misfit 1.67 sigma
  side-view medoid: 200000 surface points/draw, 36 dirs, res 512
  planar snap disabled
  answer = draw 6 of 8 draws and 3 consensus bodies by volume+side_view; mean Dice to the draws 0.9387; misfit 1.64 sigma (draws 1.61-1.69)
{"model": 5, "radius": 1.22, "draws": 8, "answer": "draw 6", "candidate": 6, "consensus_levels": [0.35, 0.5, 0.65], "spread": 0.9463696769474388, "spread_off_medoid": 0.9387082022256444, "collapsed": false, "medoid_metric": "volume+side_view", "medoid_volume_only": false, "medoid_side_points": 200000, "medoid_side_dirs": 36, "medoid_side_res": 512, "medoid_side_mode": "side", "residual_scale_median": 0.043547239154577255, "steps": 16, "churn": 0.5, "polish_steps": 30, "polish_target": 1.0, "polish_misfit_sigma": [[2.070244550704956, 1.6267762184143066, 30], [2.058128833770752, 1.6411281824111938, 30], [1.8949357271194458, 1.6129810810089111, 18], [2.202515125274658, 1.6415685415267944, 30], [1.9816678762435913, 1.5666970014572144, 28], [2.2979633808135986, 1.6319094896316528, 30], [1.8927717208862305, 1.6013610363006592, 16], [2.1505250930786133, 1.6283899545669556, 30]], "misfit_sigma": [1.6776947975158691, 1.687376856803894, 1.6527650356292725, 1.6673634052276611, 1.6144464015960693, 1.6823968887329102, 1.6426715850830078, 1.67409348487854], "answer_misfit_sigma": 1.6426715850830078, "held_out_geoms": [], "seen_geoms": [0, 1, 2, 3, 4, 5, 6, 7, 8, 9, 10, 11, 12, 13, 14, 15, 16, 17, 18, 19, 20, 21, 22, 23, 24, 25, 26, 27], "held_out_misfit_sigma": null, "snap_enabled": false, "snap_max_rise": 0.05, "snap_planes": 12, "snap_tol": 0.02, "snap_min_frac": 0.02, "planes_accepted": [0, 0, 0, 0, 0, 0, 0, 0], "codes_file": "results/lpd/Asteroid05.codes.npz", "watertight": true, "volume": 5.65648450409672, "faces": 26756}
  --- model 5 finished 11:20:23
  --- model 6 -> results/lpd/Asteroid06.stl  (started 11:20:23)
  instrument: rho 0.911, source radius 1.23 deg, eye distance 8.51, tau_i 0.0128, psf sigma 0.80 px, eta median 0.0428
  h from results/convex/Asteroid06.stl: 0.388-1.076
model 6: R = 0.925, 28/28 geometries present; residual scale median 0.0478
  8 draws x 16 steps (churn 0.5) in 696s
  draw 0: polished from 3.46 to 3.43 sigma in 9 steps
  draw 1: polished from 3.40 to 3.39 sigma in 3 steps
  draw 2: polished from 3.49 to 3.38 sigma in 12 steps
  draw 3: polished from 3.46 to 3.41 sigma in 6 steps
  draw 4: polished from 3.49 to 3.34 sigma in 11 steps
  draw 5: polished from 3.66 to 3.66 sigma in 1 steps
  draw 6: polished from 3.46 to 3.36 sigma in 7 steps
  draw 7: polished from 3.48 to 3.41 sigma in 5 steps
  polish in 563s
  codes saved to results/lpd/Asteroid06.codes.npz
  draw 0: misfit 3.52 sigma
  draw 1: misfit 3.45 sigma
  draw 2: misfit 3.51 sigma
  draw 3: misfit 3.50 sigma
  draw 4: misfit 3.39 sigma
  draw 5: misfit 3.77 sigma
  draw 6: misfit 3.45 sigma
  draw 7: misfit 3.58 sigma
  side-view medoid: 200000 surface points/draw, 36 dirs, res 512
  planar snap disabled
  answer = draw 2 of 8 draws and 3 consensus bodies by volume+side_view; mean Dice to the draws 0.9305; misfit 3.51 sigma (draws 3.39-3.77)
{"model": 6, "radius": 0.925, "draws": 8, "answer": "draw 2", "candidate": 2, "consensus_levels": [0.35, 0.5, 0.65], "spread": 0.9391797173177352, "spread_off_medoid": 0.9304911055059832, "collapsed": false, "medoid_metric": "volume+side_view", "medoid_volume_only": false, "medoid_side_points": 200000, "medoid_side_dirs": 36, "medoid_side_res": 512, "medoid_side_mode": "side", "residual_scale_median": 0.04775230586528778, "steps": 16, "churn": 0.5, "polish_steps": 30, "polish_target": 1.0, "polish_misfit_sigma": [[3.463665246963501, 3.4275171756744385, 9], [3.402578830718994, 3.389843702316284, 3], [3.4864022731781006, 3.376786231994629, 12], [3.462836503982544, 3.406397581100464, 6], [3.4926865100860596, 3.3414857387542725, 11], [3.663097381591797, 3.663097381591797, 1], [3.456080198287964, 3.362969160079956, 7], [3.479736566543579, 3.407338857650757, 5]], "misfit_sigma": [3.516057014465332, 3.454998016357422, 3.505524158477783, 3.4968810081481934, 3.392254590988159, 3.7655422687530518, 3.451052665710449, 3.575648546218872], "answer_misfit_sigma": 3.505524158477783, "held_out_geoms": [], "seen_geoms": [0, 1, 2, 3, 4, 5, 6, 7, 8, 9, 10, 11, 12, 13, 14, 15, 16, 17, 18, 19, 20, 21, 22, 23, 24, 25, 26, 27], "held_out_misfit_sigma": null, "snap_enabled": false, "snap_max_rise": 0.05, "snap_planes": 12, "snap_tol": 0.02, "snap_min_frac": 0.02, "planes_accepted": [0, 0, 0, 0, 0, 0, 0, 0], "codes_file": "results/lpd/Asteroid06.codes.npz", "watertight": true, "volume": 1.3874631043239447, "faces": 15968}
  --- model 6 finished 11:41:57
  --- model 7 -> results/lpd/Asteroid07.stl  (started 11:41:57)
  instrument: rho 0.911, source radius 1.23 deg, eye distance 8.51, tau_i 0.0128, psf sigma 0.80 px, eta median 0.0428
  h from results/convex/Asteroid07.stl: 0.712-1.178
model 7: R = 1.205, 28/28 geometries present; residual scale median 0.0447
  8 draws x 16 steps (churn 0.5) in 778s
  draw 0: polished from 3.18 to 2.75 sigma in 16 steps
  draw 1: polished from 3.04 to 2.75 sigma in 17 steps
  draw 2: polished from 3.39 to 2.75 sigma in 27 steps
  draw 3: polished from 3.07 to 2.72 sigma in 24 steps
  draw 4: polished from 3.08 to 2.74 sigma in 18 steps
  draw 5: polished from 3.40 to 2.76 sigma in 21 steps
  draw 6: polished from 3.12 to 2.75 sigma in 20 steps
  draw 7: polished from 3.18 to 2.80 sigma in 17 steps
  polish in 1417s
  codes saved to results/lpd/Asteroid07.codes.npz
  draw 0: misfit 2.78 sigma
  draw 1: misfit 2.78 sigma
  draw 2: misfit 2.77 sigma
  draw 3: misfit 2.75 sigma
  draw 4: misfit 2.75 sigma
  draw 5: misfit 2.78 sigma
  draw 6: misfit 2.76 sigma
  draw 7: misfit 2.82 sigma
  side-view medoid: 200000 surface points/draw, 36 dirs, res 512
  planar snap disabled
[W907 12:20:01.418418518 CUDACachingAllocator.cpp:3933] memory allocation failed with OOM on device 0 while trying to allocate 729808896 bytes (free: 561774592, total: 8080064512).
  answer = consensus at level 0.5 of 8 draws and 3 consensus bodies by volume+side_view; mean Dice to the draws 0.9456; misfit inf sigma (draws 2.75-2.82)
{"model": 7, "radius": 1.205, "draws": 8, "answer": "consensus at level 0.5", "candidate": 9, "consensus_levels": [0.35, 0.5, 0.65], "spread": 0.9455550847082459, "spread_off_medoid": 0.9455550847082459, "collapsed": false, "medoid_metric": "volume+side_view", "medoid_volume_only": false, "medoid_side_points": 200000, "medoid_side_dirs": 36, "medoid_side_res": 512, "medoid_side_mode": "side", "residual_scale_median": 0.04473230987787247, "steps": 16, "churn": 0.5, "polish_steps": 30, "polish_target": 1.0, "polish_misfit_sigma": [[3.1844921112060547, 2.7482502460479736, 16], [3.0367555618286133, 2.7508416175842285, 17], [3.387510299682617, 2.749422550201416, 27], [3.0679614543914795, 2.722184181213379, 24], [3.0805141925811768, 2.7393932342529297, 18], [3.401489496231079, 2.756728410720825, 21], [3.1177427768707275, 2.7469990253448486, 20], [3.180647373199463, 2.795679807662964, 17]], "misfit_sigma": [2.7750637531280518, 2.779982328414917, 2.7705862522125244, 2.754916191101074, 2.7537107467651367, 2.784724473953247, 2.764364004135132, 2.821655511856079], "answer_misfit_sigma": Infinity, "held_out_geoms": [], "seen_geoms": [0, 1, 2, 3, 4, 5, 6, 7, 8, 9, 10, 11, 12, 13, 14, 15, 16, 17, 18, 19, 20, 21, 22, 23, 24, 25, 26, 27], "held_out_misfit_sigma": null, "snap_enabled": false, "snap_max_rise": 0.05, "snap_planes": 12, "snap_tol": 0.02, "snap_min_frac": 0.02, "planes_accepted": [0, 0, 0, 0, 0, 0, 0, 0], "codes_file": "results/lpd/Asteroid07.codes.npz", "watertight": false, "volume": -3.91162612572767, "faces": 24084, "filled_holes": true}
  --- model 7 finished 12:20:05
  --- model 8 -> results/lpd/Asteroid08.stl  (started 12:20:05)
  instrument: rho 0.911, source radius 1.23 deg, eye distance 8.51, tau_i 0.0128, psf sigma 0.80 px, eta median 0.0428
  h from results/convex/Asteroid08.stl: 0.963-1.024
model 8: R = 1.24, 28/28 geometries present; residual scale median 0.0431
  8 draws x 16 steps (churn 0.5) in 737s
  draw 0: polished from 1.25 to 0.99 sigma in 5 steps
  draw 1: polished from 1.39 to 0.99 sigma in 7 steps
  draw 2: polished from 1.26 to 0.95 sigma in 4 steps
  draw 3: polished from 1.52 to 1.00 sigma in 8 steps
  draw 4: polished from 1.10 to 0.90 sigma in 1 steps
  draw 5: polished from 1.66 to 0.98 sigma in 8 steps
  draw 6: polished from 1.19 to 1.00 sigma in 2 steps
  draw 7: polished from 1.46 to 0.96 sigma in 5 steps
  polish in 415s
  codes saved to results/lpd/Asteroid08.codes.npz
  draw 0: misfit 1.04 sigma
  draw 1: misfit 1.03 sigma
  draw 2: misfit 1.00 sigma
  draw 3: misfit 1.04 sigma
  draw 4: misfit 0.94 sigma
  draw 5: misfit 1.05 sigma
  draw 6: misfit 1.05 sigma
  draw 7: misfit 1.03 sigma
  side-view medoid: 200000 surface points/draw, 36 dirs, res 512
  planar snap disabled
  answer = draw 6 of 8 draws and 3 consensus bodies by volume+side_view; mean Dice to the draws 0.9350; misfit 1.05 sigma (draws 0.94-1.05)
{"model": 8, "radius": 1.24, "draws": 8, "answer": "draw 6", "candidate": 6, "consensus_levels": [0.35, 0.5, 0.65], "spread": 0.943118723570673, "spread_off_medoid": 0.9349928269379119, "collapsed": false, "medoid_metric": "volume+side_view", "medoid_volume_only": false, "medoid_side_points": 200000, "medoid_side_dirs": 36, "medoid_side_res": 512, "medoid_side_mode": "side", "residual_scale_median": 0.043104320764541626, "steps": 16, "churn": 0.5, "polish_steps": 30, "polish_target": 1.0, "polish_misfit_sigma": [[1.2503844499588013, 0.9916090369224548, 5], [1.3886173963546753, 0.9940270781517029, 7], [1.263318419456482, 0.9497143030166626, 4], [1.5194458961486816, 0.9959714412689209, 8], [1.1032880544662476, 0.9010592699050903, 1], [1.6556257009506226, 0.9839247465133667, 8], [1.1939315795898438, 0.9979512095451355, 2], [1.4558968544006348, 0.961085855960846, 5]], "misfit_sigma": [1.0426113605499268, 1.0287013053894043, 1.0033624172210693, 1.0370323657989502, 0.9366510510444641, 1.053079605102539, 1.0503343343734741, 1.0302098989486694], "answer_misfit_sigma": 1.0503343343734741, "held_out_geoms": [], "seen_geoms": [0, 1, 2, 3, 4, 5, 6, 7, 8, 9, 10, 11, 12, 13, 14, 15, 16, 17, 18, 19, 20, 21, 22, 23, 24, 25, 26, 27], "held_out_misfit_sigma": null, "snap_enabled": false, "snap_max_rise": 0.05, "snap_planes": 12, "snap_tol": 0.02, "snap_min_frac": 0.02, "planes_accepted": [0, 0, 0, 0, 0, 0, 0, 0], "codes_file": "results/lpd/Asteroid08.codes.npz", "watertight": true, "volume": 6.009603171428497, "faces": 27556}
  --- model 8 finished 12:39:55
  --- model 9 -> results/lpd/Asteroid09.stl  (started 12:39:55)
  instrument: rho 0.911, source radius 1.23 deg, eye distance 8.51, tau_i 0.0128, psf sigma 0.80 px, eta median 0.0428
  h from results/convex/Asteroid09.stl: 0.780-1.075
model 9: R = 0.67, 28/28 geometries present; residual scale median 0.0435
  8 draws x 16 steps (churn 0.5) in 757s
  draw 0: polished from 1.94 to 1.65 sigma in 23 steps
  draw 1: polished from 1.85 to 1.62 sigma in 21 steps
  draw 2: polished from 1.88 to 1.67 sigma in 27 steps
  draw 3: polished from 1.90 to 1.62 sigma in 21 steps
  draw 4: polished from 1.88 to 1.61 sigma in 22 steps
  draw 5: polished from 1.94 to 1.67 sigma in 29 steps
  draw 6: polished from 1.80 to 1.64 sigma in 27 steps
  draw 7: polished from 1.93 to 1.61 sigma in 29 steps
  polish in 1660s
  codes saved to results/lpd/Asteroid09.codes.npz
  draw 0: misfit 1.69 sigma
  draw 1: misfit 1.66 sigma
  draw 2: misfit 1.72 sigma
  draw 3: misfit 1.64 sigma
  draw 4: misfit 1.62 sigma
  draw 5: misfit 1.70 sigma
  draw 6: misfit 1.68 sigma
  draw 7: misfit 1.64 sigma
  side-view medoid: 200000 surface points/draw, 36 dirs, res 512
  planar snap disabled
  answer = draw 6 of 8 draws and 3 consensus bodies by volume+side_view; mean Dice to the draws 0.9408; misfit 1.68 sigma (draws 1.62-1.72)
{"model": 9, "radius": 0.67, "draws": 8, "answer": "draw 6", "candidate": 6, "consensus_levels": [0.35, 0.5, 0.65], "spread": 0.9481767043336168, "spread_off_medoid": 0.9407733763812762, "collapsed": false, "medoid_metric": "volume+side_view", "medoid_volume_only": false, "medoid_side_points": 200000, "medoid_side_dirs": 36, "medoid_side_res": 512, "medoid_side_mode": "side", "residual_scale_median": 0.043496228754520416, "steps": 16, "churn": 0.5, "polish_steps": 30, "polish_target": 1.0, "polish_misfit_sigma": [[1.9356220960617065, 1.648233413696289, 23], [1.849096655845642, 1.6237889528274536, 21], [1.8793787956237793, 1.6725596189498901, 27], [1.901657223701477, 1.6180096864700317, 21], [1.8763633966445923, 1.610987663269043, 22], [1.9412683248519897, 1.6746513843536377, 29], [1.7992372512817383, 1.639693260192871, 27], [1.931545376777649, 1.610550880432129, 29]], "misfit_sigma": [1.6871507167816162, 1.661495566368103, 1.7167242765426636, 1.6435052156448364, 1.6228159666061401, 1.69576096534729, 1.6846282482147217, 1.6415456533432007], "answer_misfit_sigma": 1.6846282482147217, "held_out_geoms": [], "seen_geoms": [0, 1, 2, 3, 4, 5, 6, 7, 8, 9, 10, 11, 12, 13, 14, 15, 16, 17, 18, 19, 20, 21, 22, 23, 24, 25, 26, 27], "held_out_misfit_sigma": null, "snap_enabled": false, "snap_max_rise": 0.05, "snap_planes": 12, "snap_tol": 0.02, "snap_min_frac": 0.02, "planes_accepted": [0, 0, 0, 0, 0, 0, 0, 0], "codes_file": "results/lpd/Asteroid09.codes.npz", "watertight": true, "volume": 1.6144423840241708, "faces": 25728}
  --- model 9 finished 13:20:49
  --- model 10 -> results/lpd/Asteroid10.stl  (started 13:20:49)
  instrument: rho 0.911, source radius 1.23 deg, eye distance 8.51, tau_i 0.0128, psf sigma 0.80 px, eta median 0.0428
  h from results/convex/Asteroid10.stl: 0.618-1.143
model 10: R = 3.95, 28/28 geometries present; residual scale median 0.0457
  8 draws x 16 steps (churn 0.5) in 559s
  draw 0: polished from 7.60 to 7.50 sigma in 2 steps
  draw 1: polished from 6.51 to 5.92 sigma in 4 steps
  draw 2: polished from 6.35 to 5.48 sigma in 6 steps
  draw 3: polished from 6.57 to 5.26 sigma in 8 steps
  draw 4: polished from 6.60 to 5.76 sigma in 5 steps
  draw 5: polished from 6.38 to 5.40 sigma in 6 steps
  draw 6: polished from 6.29 to 5.86 sigma in 10 steps
  draw 7: polished from 6.82 to 5.82 sigma in 6 steps
  polish in 381s
  codes saved to results/lpd/Asteroid10.codes.npz
  draw 0: misfit 7.51 sigma
  draw 1: misfit 5.99 sigma
  draw 2: misfit 5.66 sigma
  draw 3: misfit 5.25 sigma
  draw 4: misfit 5.82 sigma
  draw 5: misfit 5.47 sigma
  draw 6: misfit 6.00 sigma
  draw 7: misfit 5.85 sigma
  side-view medoid: 200000 surface points/draw, 36 dirs, res 512
  planar snap disabled
  answer = consensus at level 0.35 of 8 draws and 3 consensus bodies by volume+side_view; mean Dice to the draws 0.8975; misfit inf sigma (draws 5.25-7.51)
{"model": 10, "radius": 3.95, "draws": 8, "answer": "consensus at level 0.35", "candidate": 8, "consensus_levels": [0.35, 0.5, 0.65], "spread": 0.8974910254284152, "spread_off_medoid": 0.8974910254284152, "collapsed": false, "medoid_metric": "volume+side_view", "medoid_volume_only": false, "medoid_side_points": 200000, "medoid_side_dirs": 36, "medoid_side_res": 512, "medoid_side_mode": "side", "residual_scale_median": 0.04571257159113884, "steps": 16, "churn": 0.5, "polish_steps": 30, "polish_target": 1.0, "polish_misfit_sigma": [[7.603490352630615, 7.500575542449951, 2], [6.512101173400879, 5.920701503753662, 4], [6.352363109588623, 5.477871417999268, 6], [6.572941303253174, 5.256683349609375, 8], [6.598079681396484, 5.760982513427734, 5], [6.381709575653076, 5.3950934410095215, 6], [6.293242454528809, 5.858585834503174, 10], [6.823894023895264, 5.817779064178467, 6]], "misfit_sigma": [7.507271766662598, 5.989634990692139, 5.655519485473633, 5.249630451202393, 5.818612575531006, 5.466405868530273, 5.998113632202148, 5.851171016693115], "answer_misfit_sigma": Infinity, "held_out_geoms": [], "seen_geoms": [0, 1, 2, 3, 4, 5, 6, 7, 8, 9, 10, 11, 12, 13, 14, 15, 16, 17, 18, 19, 20, 21, 22, 23, 24, 25, 26, 27], "held_out_misfit_sigma": null, "snap_enabled": false, "snap_max_rise": 0.05, "snap_planes": 12, "snap_tol": 0.02, "snap_min_frac": 0.02, "planes_accepted": [0, 0, 0, 0, 0, 0, 0, 0], "codes_file": "results/lpd/Asteroid10.codes.npz", "watertight": true, "volume": 38.67278180073566, "faces": 11912}
  --- model 10 finished 13:37:02
=== reconstruct done 13:37:02
