[venv] active: /home/m12567jp/dev/Helsinki/.venv/bin/python (Python 3.12.3)
[venv] dependencies already satisfied (numpy, scipy, torch, trimesh, skimage, rtree, fast_simplification, embreex)
[01:50:54] using interpreter: Python 3.12.3 at /home/m12567jp/dev/Helsinki/.venv/bin/python
[01:50:55] === 1/10 shape library: 16 bodies at res=32
[1/3] bodies: n=16, workers=16, res=32, out=dataset/generated/shapes_smoke; 0 real shape models, 0 objects; families potato 0.19, bilobe 0.32, trilobe 0.11, top 0.08, faceted 0.14, geometric 0.16
     16/16  (16 generated, 0 resumed)  1.62 bodies/s  ETA 0.0 min
[2/3] wrote 16 bodies to dataset/generated/shapes_smoke
[3/3] validity + diversity report
/home/m12567jp/dev/Helsinki/hac26/field.py:159: UserWarning: Converting a tensor with requires_grad=True to a scalar may lead to unexpected behavior.
Consider using tensor.detach() first. (Triggered internally at /__w/pytorch/pytorch/torch/csrc/autograd/generated/python_variable_methods.cpp:822.)
  v = abs(float(loss))          # the sum cancels to ~1e-15 and can go slightly

# Shape library report: 16 bodies

Validity, measured on 16 bodies sampled from the full library:

| check | pass |
|---|---|
| closed | 16/16 |
| single_component | 16/16 |
| z_span | 16/16 |
| inside_cylinder | 16/16 |
| on_axis | 16/16 |

Convexity (volume / hull volume) over all 16 bodies, at the 10th, 25th, 50th, 75th and 90th percentiles: 0.757, 0.825, 0.884, 0.930, 0.996; 62% below 0.9, 19% at 0.98 or above

Cylinder radius (the published-style width over half-height) at the same percentiles: 0.75, 0.84, 0.94, 1.29, 2.52

Diversity, measured on the same 16-body sample:

- PR(support)  = 5.29
- PR(concavity) = 6.12
- PR(combined)  = 7.47
- pairwise Dice: mean 0.622, std 0.156, range [0.233, 0.862]

Base archetype counts over the full library:

- bilobe: 8
- geometric: 4
- faceted: 2
- potato: 1
- trilobe: 1


Convexity (volume / hull volume) over all 16 bodies, at the 10th, 25th, 50th, 75th and 90th percentiles: 0.757, 0.825, 0.884, 0.930, 0.996; 62% below 0.9, 19% at 0.98 or above

Cylinder radius (the published-style width over half-height) at the same percentiles: 0.75, 0.84, 0.94, 1.29, 2.52

Diversity, measured on the same 16-body sample:

- PR(support)  = 5.29
- PR(concavity) = 6.12
- PR(combined)  = 7.47
- pairwise Dice: mean 0.622, std 0.156, range [0.233, 0.862]

Base archetype counts over the full library:

- bilobe: 8
- geometric: 4
- faceted: 2
- potato: 1
- trilobe: 1

[01:53:14] === 2/10 spherical design (no-op if hac26/design4096.npy is already checked in)
[01:53:14]     hac26/design4096.npy already exists
[01:53:14]     hac26/design4096.npy already exists
[01:53:14] === 3/10 fit_shapes: per-body fit over the smoke library
[1] loading 16 bodies from dataset/generated/shapes_smoke
  posed 15/16 bodies into the canonical frame (z span 2, xy r_max 1)
    preprocessed 10/16 bodies
    preprocessed 16/16 bodies
[2] fit on cuda: 16 bodies x (4096 support + 1728 amplitudes), batched 2 at a time
    step     0  sdf loss 0.00098  1s
    step    24  sdf loss 0.00683  1s
  [dice] fitted body against its mesh, 16 bodies sampled:
    bilobe           n   8  mean 0.714  min 0.074
    faceted          n   2  mean 0.751  min 0.529
    geometric        n   4  mean 0.900  min 0.834
    potato           n   1  mean 0.689  min 0.689
    trilobe          n   1  mean 0.815  min 0.815
  codes (16, 1856), amplitude variance 0.00018
  wrote runs/smoke/corpus_codes.npz
  [check] max|Delta| 0.3243, |g|max 0.0516, g variance 0.00018, sdf loss (median of 6) 0.002891 -> 0.005466
  WARNING: the sdf loss barely moved (0.002891 -> 0.005466). The corpus was still written; raise --steps if this was not deliberate.
[1] loading 16 bodies from dataset/generated/shapes_smoke
  posed 15/16 bodies into the canonical frame (z span 2, xy r_max 1)
    preprocessed 10/16 bodies
    preprocessed 16/16 bodies
[2] fit on cuda: 16 bodies x (4096 support + 1728 amplitudes), batched 2 at a time
    step     0  sdf loss 0.00098  1s
    step    24  sdf loss 0.00683  1s
  [dice] fitted body against its mesh, 16 bodies sampled:
    bilobe           n   8  mean 0.714  min 0.074
    faceted          n   2  mean 0.751  min 0.529
    geometric        n   4  mean 0.900  min 0.834
    potato           n   1  mean 0.689  min 0.689
    trilobe          n   1  mean 0.815  min 0.815
  codes (16, 1856), amplitude variance 0.00018
  wrote runs/smoke/corpus_codes.npz
  [check] max|Delta| 0.3243, |g|max 0.0516, g variance 0.00018, sdf loss (median of 6) 0.002891 -> 0.005466
  WARNING: the sdf loss barely moved (0.002891 -> 0.005466). The corpus was still written; raise --steps if this was not deliberate.
[01:53:24] === 4/10 build_corpus: curves and convex starts of the smoke bodies
Traceback (most recent call last):
  File "/home/m12567jp/dev/Helsinki/hac26/forward/mesh/instrument.py", line 98, in load
    inst.load_state_dict(state)
  File "/home/m12567jp/dev/Helsinki/.venv/lib/python3.12/site-packages/torch/nn/modules/module.py", line 2638, in load_state_dict
    raise RuntimeError(
RuntimeError: Error(s) in loading state_dict for Instrument:
	Missing key(s) in state_dict: "raw_rho", "raw_delta", "raw_eye", "sensor.raw_vignette", "sensor.raw_psf", "sensor.raw_oetf", "sensor.raw_sat". 
	Unexpected key(s) in state_dict: "sensor", "raw_tau_b", "rho", "delta_deg". 
	size mismatch for raw_tau_i: copying a param with shape torch.Size([56]) from checkpoint, the shape in current model is torch.Size([]).

The above exception was the direct cause of the following exception:

Traceback (most recent call last):
  File "/home/m12567jp/dev/Helsinki/scripts/build_corpus.py", line 330, in <module>
    main()
  File "/home/m12567jp/dev/Helsinki/scripts/build_corpus.py", line 241, in main
    inst = load_instrument(a.calibration, dev)
           ^^^^^^^^^^^^^^^^^^^^^^^^^^^^^^^^^^^
  File "/home/m12567jp/dev/Helsinki/scripts/train_lpd.py", line 804, in load_instrument
    inst = Instrument.load(path, device=device).requires_grad_(False)
           ^^^^^^^^^^^^^^^^^^^^^^^^^^^^^^^^^^^^
  File "/home/m12567jp/dev/Helsinki/hac26/forward/mesh/instrument.py", line 100, in load
    raise RuntimeError(f"{path} is not a saved Instrument; rerun "
RuntimeError: models/instrument_calibration.pt is not a saved Instrument; rerun scripts/calibrate.py to write one
[01:53:26] FAILED: build_corpus (exit 1) -- see logs/smoke_corpus.log
[01:53:26] command was: python scripts/build_corpus.py --bodies 16 --phases 16 --operator-res 16 --codes-file runs/smoke/corpus_codes.npz --calibration models/instrument_calibration.pt --convex models/lpd_convex.pt --out runs/smoke/corpus.npz
